<!doctype html public "-//w3c//dtd html 4.0 transitional//en">
<html><head>
<title>Static Call Graph - [.\BUILD\newoled.axf]</title></head>
<body><HR>
<H1>Static Call Graph for image .\BUILD\newoled.axf</H1><HR>
<BR><P>#&#060CALLGRAPH&#062# ARM Linker, 5060183: Last Updated: Thu Jun 01 14:11:28 2017
<BR><P>
<H3>Maximum Stack Usage =        992 bytes + Unknown(Cycles, Untraceable Function Pointers)</H3><H3>
Call chain for Maximum Stack Depth:</H3>
std::messages&lang;char&rang;::do_open(const std::basic_string&lang;char, std::char_traits&lang;char&rang;, std::allocator&lang;char&rang;&rang;&, const std::locale&) const &rArr; std::__rw_messages_base::_C_cat_open(const std::basic_string&lang;char, std::char_traits&lang;char&rang;, std::allocator&lang;char&rang;&rang;&, const std::locale&) const &rArr; __rw::__rw_locale_vector&lang;std::__rw_open_cat_data&rang;::resize(unsigned) &rArr; std::__rw_open_cat_data::__rw_open_cat_data() &rArr; std::locale::classic() &rArr; std::locale::locale(__rw::__rw_locale_imp*) &rArr; std::locale::_C_init() &rArr; __rw::__rw_locale_imp::__rw_locale_imp(const char*, unsigned, unsigned) &rArr; std::basic_string&lang;char, std::char_traits&lang;char&rang;, std::allocator&lang;char&rang;&rang;::operator =(const std::basic_string&lang;char, std::char_traits&lang;char&rang;, std::allocator&lang;char&rang;&rang;&) &rArr; std::basic_string&lang;char, std::char_traits&lang;char&rang;, std::allocator&lang;char&rang;&rang;::replace(unsigned, unsigned, const char*, unsigned) &rArr; std::basic_string&lang;char, std::char_traits&lang;char&rang;, std::allocator&lang;char&rang;&rang;::replace(unsigned, unsigned, const char*, unsigned, unsigned, unsigned) &rArr; __rw::__rw_throw(int, ...) &rArr; std::__rw_exception::_C_vformat(int, std::__va_list) &rArr; [local to rwstdexcept_cpp]::__rw::__rw_vfmatstr(char*, unsigned, int, std::__va_list) &rArr; std::basic_string&lang;char, std::char_traits&lang;char&rang;, std::allocator&lang;char&rang;&rang;::basic_string(const char*, const std::allocator&lang;char&rang;&) &rArr; std::basic_string&lang;char, std::char_traits&lang;char&rang;, std::allocator&lang;char&rang;&rang;::_C_allocate(unsigned, unsigned, unsigned) &rArr; std::basic_string&lang;char, std::char_traits&lang;char&rang;, std::allocator&lang;char&rang;&rang;::_C_getRep(unsigned, unsigned) &rArr;  __rw::__rw_throw(int, ...) (Cycle)
<P>
<H3>
Mutually Recursive functions
</H3> <LI><a href="#[4d]">rt_alloc_box</a>&nbsp;&nbsp;&nbsp;&rArr;&nbsp;&nbsp;&nbsp;<a href="#[4d]">rt_alloc_box</a><BR>
 <LI><a href="#[1f]">NMI_Handler</a>&nbsp;&nbsp;&nbsp;&rArr;&nbsp;&nbsp;&nbsp;<a href="#[1f]">NMI_Handler</a><BR>
 <LI><a href="#[20]">HardFault_Handler</a>&nbsp;&nbsp;&nbsp;&rArr;&nbsp;&nbsp;&nbsp;<a href="#[20]">HardFault_Handler</a><BR>
 <LI><a href="#[21]">MemManage_Handler</a>&nbsp;&nbsp;&nbsp;&rArr;&nbsp;&nbsp;&nbsp;<a href="#[21]">MemManage_Handler</a><BR>
 <LI><a href="#[22]">BusFault_Handler</a>&nbsp;&nbsp;&nbsp;&rArr;&nbsp;&nbsp;&nbsp;<a href="#[22]">BusFault_Handler</a><BR>
 <LI><a href="#[23]">UsageFault_Handler</a>&nbsp;&nbsp;&nbsp;&rArr;&nbsp;&nbsp;&nbsp;<a href="#[23]">UsageFault_Handler</a><BR>
 <LI><a href="#[25]">DebugMon_Handler</a>&nbsp;&nbsp;&nbsp;&rArr;&nbsp;&nbsp;&nbsp;<a href="#[25]">DebugMon_Handler</a><BR>
 <LI><a href="#[3e]">ADC_IRQHandler</a>&nbsp;&nbsp;&nbsp;&rArr;&nbsp;&nbsp;&nbsp;<a href="#[3e]">ADC_IRQHandler</a><BR>
 <LI><a href="#[1de]">core_util_critical_section_enter</a>&nbsp;&nbsp;&nbsp;&rArr;&nbsp;&nbsp;&nbsp;<a href="#[174]">mbed_assert_internal</a><BR>
 <LI><a href="#[1f7]">mbed_error_printf</a>&nbsp;&nbsp;&nbsp;&rArr;&nbsp;&nbsp;&nbsp;<a href="#[1df]">core_util_critical_section_exit</a><BR>
 <LI><a href="#[1d9]">serial_init</a>&nbsp;&nbsp;&nbsp;&rArr;&nbsp;&nbsp;&nbsp;<a href="#[174]">mbed_assert_internal</a><BR>
 <LI><a href="#[1ec]">pin_mode</a>&nbsp;&nbsp;&nbsp;&rArr;&nbsp;&nbsp;&nbsp;<a href="#[174]">mbed_assert_internal</a><BR>
 <LI><a href="#[1ef]">pinmap_pinout</a>&nbsp;&nbsp;&nbsp;&rArr;&nbsp;&nbsp;&nbsp;<a href="#[1a7]">error</a><BR>
 <LI><a href="#[1e8]">pin_function</a>&nbsp;&nbsp;&nbsp;&rArr;&nbsp;&nbsp;&nbsp;<a href="#[174]">mbed_assert_internal</a><BR>
 <LI><a href="#[1ed]">pinmap_peripheral</a>&nbsp;&nbsp;&nbsp;&rArr;&nbsp;&nbsp;&nbsp;<a href="#[1a7]">error</a><BR>
 <LI><a href="#[1ee]">pinmap_merge</a>&nbsp;&nbsp;&nbsp;&rArr;&nbsp;&nbsp;&nbsp;<a href="#[1a7]">error</a><BR>
 <LI><a href="#[1eb]">gpio_init_out_ex</a>&nbsp;&nbsp;&nbsp;&rArr;&nbsp;&nbsp;&nbsp;<a href="#[174]">mbed_assert_internal</a><BR>
 <LI><a href="#[1e6]">gpio_dir</a>&nbsp;&nbsp;&nbsp;&rArr;&nbsp;&nbsp;&nbsp;<a href="#[174]">mbed_assert_internal</a><BR>
 <LI><a href="#[21e]">serial_format</a>&nbsp;&nbsp;&nbsp;&rArr;&nbsp;&nbsp;&nbsp;<a href="#[174]">mbed_assert_internal</a><BR>
 <LI><a href="#[1da]">serial_baud</a>&nbsp;&nbsp;&nbsp;&rArr;&nbsp;&nbsp;&nbsp;<a href="#[174]">mbed_assert_internal</a><BR>
 <LI><a href="#[1e4]">mbed_die</a>&nbsp;&nbsp;&nbsp;&rArr;&nbsp;&nbsp;&nbsp;<a href="#[174]">mbed_assert_internal</a><BR>
 <LI><a href="#[1d3]">gpio_init_out</a>&nbsp;&nbsp;&nbsp;&rArr;&nbsp;&nbsp;&nbsp;<a href="#[174]">mbed_assert_internal</a><BR>
 <LI><a href="#[17e]">std::locale::locale()</a>&nbsp;&nbsp;&nbsp;&rArr;&nbsp;&nbsp;&nbsp;<a href="#[1c1]">std::locale::_C_init()</a><BR>
 <LI><a href="#[182]">__rw::__rw_allocate(unsigned, int)</a>&nbsp;&nbsp;&nbsp;&rArr;&nbsp;&nbsp;&nbsp;<a href="#[17f]">__rw::__rw_throw(int, ...)</a><BR>
 <LI><a href="#[22d]">std::basic_string&lang;char, std::char_traits&lang;char&rang;, std::allocator&lang;char&rang;&rang;::_C_getRep(unsigned, unsigned)</a>&nbsp;&nbsp;&nbsp;&rArr;&nbsp;&nbsp;&nbsp;<a href="#[17f]">__rw::__rw_throw(int, ...)</a><BR>
</UL>
<P>
<H3>
Function Pointers
</H3><UL>
 <LI><a href="#[58]">&lang;Func5&rang;</a> from locale.o(i.<Func5>) referenced from locale.o(i._ZN4__rw15__rw_locale_impC1EPKcjj)
 <LI><a href="#[3e]">ADC_IRQHandler</a> from startup_lpc17xx.o(.text) referenced from startup_lpc17xx.o(RESET)
 <LI><a href="#[3f]">BOD_IRQHandler</a> from startup_lpc17xx.o(.text) referenced from startup_lpc17xx.o(RESET)
 <LI><a href="#[22]">BusFault_Handler</a> from startup_lpc17xx.o(.text) referenced from startup_lpc17xx.o(RESET)
 <LI><a href="#[41]">CAN_IRQHandler</a> from startup_lpc17xx.o(.text) referenced from startup_lpc17xx.o(RESET)
 <LI><a href="#[42]">DMA_IRQHandler</a> from startup_lpc17xx.o(.text) referenced from startup_lpc17xx.o(RESET)
 <LI><a href="#[25]">DebugMon_Handler</a> from startup_lpc17xx.o(.text) referenced from startup_lpc17xx.o(RESET)
 <LI><a href="#[3a]">EINT0_IRQHandler</a> from startup_lpc17xx.o(.text) referenced from startup_lpc17xx.o(RESET)
 <LI><a href="#[3b]">EINT1_IRQHandler</a> from startup_lpc17xx.o(.text) referenced from startup_lpc17xx.o(RESET)
 <LI><a href="#[3c]">EINT2_IRQHandler</a> from startup_lpc17xx.o(.text) referenced from startup_lpc17xx.o(RESET)
 <LI><a href="#[3d]">EINT3_IRQHandler</a> from startup_lpc17xx.o(.text) referenced from startup_lpc17xx.o(RESET)
 <LI><a href="#[44]">ENET_IRQHandler</a> from lpc17_emac.o(i.ENET_IRQHandler) referenced from startup_lpc17xx.o(RESET)
 <LI><a href="#[20]">HardFault_Handler</a> from startup_lpc17xx.o(.text) referenced from startup_lpc17xx.o(RESET)
 <LI><a href="#[32]">I2C0_IRQHandler</a> from startup_lpc17xx.o(.text) referenced from startup_lpc17xx.o(RESET)
 <LI><a href="#[33]">I2C1_IRQHandler</a> from startup_lpc17xx.o(.text) referenced from startup_lpc17xx.o(RESET)
 <LI><a href="#[34]">I2C2_IRQHandler</a> from startup_lpc17xx.o(.text) referenced from startup_lpc17xx.o(RESET)
 <LI><a href="#[43]">I2S_IRQHandler</a> from startup_lpc17xx.o(.text) referenced from startup_lpc17xx.o(RESET)
 <LI><a href="#[46]">MCPWM_IRQHandler</a> from startup_lpc17xx.o(.text) referenced from startup_lpc17xx.o(RESET)
 <LI><a href="#[21]">MemManage_Handler</a> from startup_lpc17xx.o(.text) referenced from startup_lpc17xx.o(RESET)
 <LI><a href="#[1f]">NMI_Handler</a> from startup_lpc17xx.o(.text) referenced from startup_lpc17xx.o(RESET)
 <LI><a href="#[38]">PLL0_IRQHandler</a> from startup_lpc17xx.o(.text) referenced from startup_lpc17xx.o(RESET)
 <LI><a href="#[48]">PLL1_IRQHandler</a> from startup_lpc17xx.o(.text) referenced from startup_lpc17xx.o(RESET)
 <LI><a href="#[31]">PWM1_IRQHandler</a> from startup_lpc17xx.o(.text) referenced from startup_lpc17xx.o(RESET)
 <LI><a href="#[26]">PendSV_Handler</a> from hal_cm3.o(.emb_text) referenced from startup_lpc17xx.o(RESET)
 <LI><a href="#[47]">QEI_IRQHandler</a> from startup_lpc17xx.o(.text) referenced from startup_lpc17xx.o(RESET)
 <LI><a href="#[45]">RIT_IRQHandler</a> from startup_lpc17xx.o(.text) referenced from startup_lpc17xx.o(RESET)
 <LI><a href="#[39]">RTC_IRQHandler</a> from startup_lpc17xx.o(.text) referenced from startup_lpc17xx.o(RESET)
 <LI><a href="#[1e]">Reset_Handler</a> from startup_lpc17xx.o(.text) referenced from startup_lpc17xx.o(RESET)
 <LI><a href="#[35]">SPI_IRQHandler</a> from startup_lpc17xx.o(.text) referenced from startup_lpc17xx.o(RESET)
 <LI><a href="#[36]">SSP0_IRQHandler</a> from startup_lpc17xx.o(.text) referenced from startup_lpc17xx.o(RESET)
 <LI><a href="#[37]">SSP1_IRQHandler</a> from startup_lpc17xx.o(.text) referenced from startup_lpc17xx.o(RESET)
 <LI><a href="#[24]">SVC_Handler</a> from hal_cm3.o(.emb_text) referenced from startup_lpc17xx.o(RESET)
 <LI><a href="#[27]">SysTick_Handler</a> from hal_cm3.o(.emb_text) referenced from startup_lpc17xx.o(RESET)
 <LI><a href="#[49]">SystemInit</a> from system_lpc17xx.o(i.SystemInit) referenced from startup_lpc17xx.o(.text)
 <LI><a href="#[29]">TIMER0_IRQHandler</a> from startup_lpc17xx.o(.text) referenced from startup_lpc17xx.o(RESET)
 <LI><a href="#[2a]">TIMER1_IRQHandler</a> from startup_lpc17xx.o(.text) referenced from startup_lpc17xx.o(RESET)
 <LI><a href="#[2b]">TIMER2_IRQHandler</a> from startup_lpc17xx.o(.text) referenced from startup_lpc17xx.o(RESET)
 <LI><a href="#[2c]">TIMER3_IRQHandler</a> from startup_lpc17xx.o(.text) referenced from startup_lpc17xx.o(RESET)
 <LI><a href="#[2d]">UART0_IRQHandler</a> from startup_lpc17xx.o(.text) referenced from startup_lpc17xx.o(RESET)
 <LI><a href="#[2e]">UART1_IRQHandler</a> from startup_lpc17xx.o(.text) referenced from startup_lpc17xx.o(RESET)
 <LI><a href="#[2f]">UART2_IRQHandler</a> from startup_lpc17xx.o(.text) referenced from startup_lpc17xx.o(RESET)
 <LI><a href="#[30]">UART3_IRQHandler</a> from startup_lpc17xx.o(.text) referenced from startup_lpc17xx.o(RESET)
 <LI><a href="#[40]">USB_IRQHandler</a> from startup_lpc17xx.o(.text) referenced from startup_lpc17xx.o(RESET)
 <LI><a href="#[23]">UsageFault_Handler</a> from startup_lpc17xx.o(.text) referenced from startup_lpc17xx.o(RESET)
 <LI><a href="#[28]">WDT_IRQHandler</a> from startup_lpc17xx.o(.text) referenced from startup_lpc17xx.o(RESET)
 <LI><a href="#[5d]">I2CPreInit::~I2CPreInit()</a> from main.o(i._ZN10I2CPreInitD1Ev) referenced from main.o(.constdata__ZTV10I2CPreInit)
 <LI><a href="#[5d]">I2CPreInit::~I2CPreInit()</a> from main.o(i._ZN10I2CPreInitD1Ev) referenced from main.o(i.__sti___8_main_cpp_myled)
 <LI><a href="#[88]">Adafruit_GFX::_putc(int)</a> from main.o(i._ZN12Adafruit_GFX5_putcEi) referenced from adafruit_ssd1306.o(.constdata__ZTV16Adafruit_SSD1306)
 <LI><a href="#[88]">Adafruit_GFX::_putc(int)</a> from main.o(i._ZN12Adafruit_GFX5_putcEi) referenced from main.o(.constdata__ZTV20Adafruit_SSD1306_I2c)
 <LI><a href="#[8b]">Adafruit_SSD1306::splash()</a> from adafruit_ssd1306.o(i._ZN16Adafruit_SSD13066splashEv) referenced from adafruit_ssd1306.o(.constdata__ZTV16Adafruit_SSD1306)
 <LI><a href="#[8b]">Adafruit_SSD1306::splash()</a> from adafruit_ssd1306.o(i._ZN16Adafruit_SSD13066splashEv) referenced from main.o(.constdata__ZTV20Adafruit_SSD1306_I2c)
 <LI><a href="#[89]">Adafruit_SSD1306::drawPixel(short, short, unsigned short)</a> from adafruit_ssd1306.o(i._ZN16Adafruit_SSD13069drawPixelEsst) referenced from adafruit_ssd1306.o(.constdata__ZTV16Adafruit_SSD1306)
 <LI><a href="#[89]">Adafruit_SSD1306::drawPixel(short, short, unsigned short)</a> from adafruit_ssd1306.o(i._ZN16Adafruit_SSD13069drawPixelEsst) referenced from main.o(.constdata__ZTV20Adafruit_SSD1306_I2c)
 <LI><a href="#[8d]">Adafruit_SSD1306_I2c::sendDisplayBuffer()</a> from main.o(i._ZN20Adafruit_SSD1306_I2c17sendDisplayBufferEv) referenced from main.o(.constdata__ZTV20Adafruit_SSD1306_I2c)
 <LI><a href="#[8c]">Adafruit_SSD1306_I2c::command(unsigned char)</a> from main.o(i._ZN20Adafruit_SSD1306_I2c7commandEh) referenced from main.o(.constdata__ZTV20Adafruit_SSD1306_I2c)
 <LI><a href="#[5e]">Adafruit_SSD1306_I2c::~Adafruit_SSD1306_I2c()</a> from main.o(i._ZN20Adafruit_SSD1306_I2cD1Ev) referenced from main.o(.constdata__ZTV20Adafruit_SSD1306_I2c)
 <LI><a href="#[5e]">Adafruit_SSD1306_I2c::~Adafruit_SSD1306_I2c()</a> from main.o(i._ZN20Adafruit_SSD1306_I2cD1Ev) referenced from main.o(i.__sti___8_main_cpp_myled)
 <LI><a href="#[56]">[local to arm_exceptions_c]::__default_terminate_handler()</a> from arm_exceptions_globs.o(.text) referenced from arm_exceptions_globs.o(.text)
 <LI><a href="#[94]">__rw::__rw_facet_base::_C_initfacet(const std::locale&)</a> from char.o(i._ZN4__rw15__rw_facet_base12_C_initfacetERKSt6locale) referenced from rwstdexcept.o(.constdata__ZTVNSt6locale5facetE)
 <LI><a href="#[94]">__rw::__rw_facet_base::_C_initfacet(const std::locale&)</a> from char.o(i._ZN4__rw15__rw_facet_base12_C_initfacetERKSt6locale) referenced from rwstdexcept.o(.constdata__ZTVSt8messagesIcE)
 <LI><a href="#[78]">__rw::__rw_facet_maker&lang;std::ctype&lang;char&rang;&rang;::_C_maker_func(int, const char*, unsigned)</a> from rwstdexcept.o(t._ZN4__rw16__rw_facet_makerISt5ctypeIcEE13_C_maker_funcEiPKcj) referenced from rwstdexcept.o(t._ZNKSt8messagesIcE6do_getEiiiRKSs)
 <LI><a href="#[5c]">__rw::__rw_locale_vector&lang;__rw::__rw_cat*&rang;::~__rw_locale_vector()</a> from rwcats.o(t._ZN4__rw18__rw_locale_vectorIPNS_8__rw_catEED1Ev) referenced from rwcats.o(i.__sti___10_rwcats_cpp_64e8068e)
 <LI><a href="#[5a]">__rw::__rw_locale_vector&lang;std::__rw_open_cat_data&rang;::~__rw_locale_vector()</a> from messages.o(t._ZN4__rw18__rw_locale_vectorISt18__rw_open_cat_dataED1Ev) referenced from messages.o(i._ZSt13__rw_get_catsv)
 <LI><a href="#[1d]">__rw::__rw_throw_exception_noex(int, char*)</a> from rwthrowproc_impl_noex.o(i._ZN4__rw25__rw_throw_exception_noexEiPc) referenced 2 times from rwthrowproc_noex.o(.data)
 <LI><a href="#[8e]">mbed::FileHandle::flen()</a> from filelike.o(i._ZN4mbed10FileHandle4flenEv) referenced from retarget.o(.constdata__ZTVN4mbed10FileHandleE)
 <LI><a href="#[8e]">mbed::FileHandle::flen()</a> from filelike.o(i._ZN4mbed10FileHandle4flenEv) referenced from filelike.o(.constdata__ZTVN4mbed8FileLikeE)
 <LI><a href="#[86]">mbed::FileHandle::lock()</a> from main.o(i._ZN4mbed10FileHandle4lockEv) referenced from adafruit_ssd1306.o(.constdata__ZTV16Adafruit_SSD1306)
 <LI><a href="#[86]">mbed::FileHandle::lock()</a> from main.o(i._ZN4mbed10FileHandle4lockEv) referenced from main.o(.constdata__ZTV20Adafruit_SSD1306_I2c)
 <LI><a href="#[86]">mbed::FileHandle::lock()</a> from main.o(i._ZN4mbed10FileHandle4lockEv) referenced from retarget.o(.constdata__ZTVN4mbed10FileHandleE)
 <LI><a href="#[86]">mbed::FileHandle::lock()</a> from main.o(i._ZN4mbed10FileHandle4lockEv) referenced from stream.o(.constdata__ZTVN4mbed6StreamE)
 <LI><a href="#[86]">mbed::FileHandle::lock()</a> from main.o(i._ZN4mbed10FileHandle4lockEv) referenced from filelike.o(.constdata__ZTVN4mbed8FileLikeE)
 <LI><a href="#[87]">mbed::FileHandle::unlock()</a> from main.o(i._ZN4mbed10FileHandle6unlockEv) referenced from adafruit_ssd1306.o(.constdata__ZTV16Adafruit_SSD1306)
 <LI><a href="#[87]">mbed::FileHandle::unlock()</a> from main.o(i._ZN4mbed10FileHandle6unlockEv) referenced from main.o(.constdata__ZTV20Adafruit_SSD1306_I2c)
 <LI><a href="#[87]">mbed::FileHandle::unlock()</a> from main.o(i._ZN4mbed10FileHandle6unlockEv) referenced from retarget.o(.constdata__ZTVN4mbed10FileHandleE)
 <LI><a href="#[87]">mbed::FileHandle::unlock()</a> from main.o(i._ZN4mbed10FileHandle6unlockEv) referenced from stream.o(.constdata__ZTVN4mbed6StreamE)
 <LI><a href="#[87]">mbed::FileHandle::unlock()</a> from main.o(i._ZN4mbed10FileHandle6unlockEv) referenced from filelike.o(.constdata__ZTVN4mbed8FileLikeE)
 <LI><a href="#[8f]">mbed::FileHandle::~FileHandle__sub_object()</a> from retarget.o(i._ZN4mbed10FileHandleD2Ev) referenced from retarget.o(.constdata__ZTVN4mbed10FileHandleE)
 <LI><a href="#[7f]">mbed::I2C::lock()</a> from i2c.o(i._ZN4mbed3I2C4lockEv) referenced from main.o(.constdata__ZTV10I2CPreInit)
 <LI><a href="#[7f]">mbed::I2C::lock()</a> from i2c.o(i._ZN4mbed3I2C4lockEv) referenced from i2c.o(.constdata__ZTVN4mbed3I2CE)
 <LI><a href="#[80]">mbed::I2C::unlock()</a> from i2c.o(i._ZN4mbed3I2C6unlockEv) referenced from main.o(.constdata__ZTV10I2CPreInit)
 <LI><a href="#[80]">mbed::I2C::unlock()</a> from i2c.o(i._ZN4mbed3I2C6unlockEv) referenced from i2c.o(.constdata__ZTVN4mbed3I2CE)
 <LI><a href="#[85]">mbed::Stream::flen()</a> from stream.o(i._ZN4mbed6Stream4flenEv) referenced from adafruit_ssd1306.o(.constdata__ZTV16Adafruit_SSD1306)
 <LI><a href="#[85]">mbed::Stream::flen()</a> from stream.o(i._ZN4mbed6Stream4flenEv) referenced from main.o(.constdata__ZTV20Adafruit_SSD1306_I2c)
 <LI><a href="#[85]">mbed::Stream::flen()</a> from stream.o(i._ZN4mbed6Stream4flenEv) referenced from stream.o(.constdata__ZTVN4mbed6StreamE)
 <LI><a href="#[82]">mbed::Stream::close()</a> from stream.o(i._ZN4mbed6Stream5closeEv) referenced from adafruit_ssd1306.o(.constdata__ZTV16Adafruit_SSD1306)
 <LI><a href="#[82]">mbed::Stream::close()</a> from stream.o(i._ZN4mbed6Stream5closeEv) referenced from main.o(.constdata__ZTV20Adafruit_SSD1306_I2c)
 <LI><a href="#[82]">mbed::Stream::close()</a> from stream.o(i._ZN4mbed6Stream5closeEv) referenced from stream.o(.constdata__ZTVN4mbed6StreamE)
 <LI><a href="#[84]">mbed::Stream::lseek(long, int)</a> from stream.o(i._ZN4mbed6Stream5lseekEli) referenced from adafruit_ssd1306.o(.constdata__ZTV16Adafruit_SSD1306)
 <LI><a href="#[84]">mbed::Stream::lseek(long, int)</a> from stream.o(i._ZN4mbed6Stream5lseekEli) referenced from main.o(.constdata__ZTV20Adafruit_SSD1306_I2c)
 <LI><a href="#[84]">mbed::Stream::lseek(long, int)</a> from stream.o(i._ZN4mbed6Stream5lseekEli) referenced from stream.o(.constdata__ZTVN4mbed6StreamE)
 <LI><a href="#[81]">mbed::Stream::write(const void*, unsigned)</a> from stream.o(i._ZN4mbed6Stream5writeEPKvj) referenced from adafruit_ssd1306.o(.constdata__ZTV16Adafruit_SSD1306)
 <LI><a href="#[81]">mbed::Stream::write(const void*, unsigned)</a> from stream.o(i._ZN4mbed6Stream5writeEPKvj) referenced from main.o(.constdata__ZTV20Adafruit_SSD1306_I2c)
 <LI><a href="#[81]">mbed::Stream::write(const void*, unsigned)</a> from stream.o(i._ZN4mbed6Stream5writeEPKvj) referenced from stream.o(.constdata__ZTVN4mbed6StreamE)
 <LI><a href="#[83]">mbed::Stream::isatty()</a> from stream.o(i._ZN4mbed6Stream6isattyEv) referenced from adafruit_ssd1306.o(.constdata__ZTV16Adafruit_SSD1306)
 <LI><a href="#[83]">mbed::Stream::isatty()</a> from stream.o(i._ZN4mbed6Stream6isattyEv) referenced from main.o(.constdata__ZTV20Adafruit_SSD1306_I2c)
 <LI><a href="#[83]">mbed::Stream::isatty()</a> from stream.o(i._ZN4mbed6Stream6isattyEv) referenced from stream.o(.constdata__ZTVN4mbed6StreamE)
 <LI><a href="#[90]">mbed::Stream::~Stream__sub_object()</a> from stream.o(i._ZN4mbed6StreamD2Ev) referenced from stream.o(.constdata__ZTVN4mbed6StreamE)
 <LI><a href="#[91]">mbed::FileBase::~FileBase()</a> from filebase.o(i._ZN4mbed8FileBaseD1Ev) referenced from filebase.o(.constdata__ZTVN4mbed8FileBaseE)
 <LI><a href="#[92]">mbed::FileLike::~FileLike__sub_object()</a> from filelike.o(i._ZN4mbed8FileLikeD2Ev) referenced from filelike.o(.constdata__ZTVN4mbed8FileLikeE)
 <LI><a href="#[99]">std::__rw_exception::what() const</a> from rwstdexcept.o(i._ZNKSt14__rw_exception4whatEv) referenced from rwstdexcept.o(.constdata__ZTVSt14__rw_exception)
 <LI><a href="#[9f]">std::messages&lang;char&rang;::do_get(int, int, int, const std::basic_string&lang;char, std::char_traits&lang;char&rang;, std::allocator&lang;char&rang;&rang;&) const</a> from rwstdexcept.o(t._ZNKSt8messagesIcE6do_getEiiiRKSs) referenced from rwstdexcept.o(.constdata__ZTVSt8messagesIcE)
 <LI><a href="#[9e]">std::messages&lang;char&rang;::do_open(const std::basic_string&lang;char, std::char_traits&lang;char&rang;, std::allocator&lang;char&rang;&rang;&, const std::locale&) const</a> from rwstdexcept.o(t._ZNKSt8messagesIcE7do_openERKSsRKSt6locale) referenced from rwstdexcept.o(.constdata__ZTVSt8messagesIcE)
 <LI><a href="#[57]">std::basic_string&lang;char, std::char_traits&lang;char&rang;, std::allocator&lang;char&rang;&rang;::~basic_string()</a> from char.o(t._ZNSsD1Ev) referenced from locale.o(i._ZN4__rw15__rw_locale_impC1EPKcjj)
 <LI><a href="#[57]">std::basic_string&lang;char, std::char_traits&lang;char&rang;, std::allocator&lang;char&rang;&rang;::~basic_string()</a> from char.o(t._ZNSsD1Ev) referenced from locale.o(t._ZN4__rw18__rw_locale_vectorISsED1Ev)
 <LI><a href="#[96]">std::ctype_byname&lang;char&rang;::~ctype_byname__deallocating()</a> from char.o(i._ZNSt12ctype_bynameIcED0Ev) referenced from char.o(.constdata__ZTVSt12ctype_bynameIcE)
 <LI><a href="#[95]">std::ctype_byname&lang;char&rang;::~ctype_byname()</a> from char.o(i._ZNSt12ctype_bynameIcED1Ev) referenced from char.o(.constdata__ZTVSt12ctype_bynameIcE)
 <LI><a href="#[98]">std::__rw_exception::~__rw_exception()</a> from rwstdexcept.o(i._ZNSt14__rw_exceptionD1Ev) referenced from rwstdexcept.o(.constdata__ZTVSt14__rw_exception)
 <LI><a href="#[77]">std::__rw_open_cat_data::__rw_open_cat_data()</a> from messages.o(i._ZNSt18__rw_open_cat_dataC1Ev) referenced from messages.o(t._ZN4__rw18__rw_locale_vectorISt18__rw_open_cat_dataE6resizeEj)
 <LI><a href="#[76]">std::__rw_open_cat_data::~__rw_open_cat_data()</a> from messages.o(i._ZNSt18__rw_open_cat_dataD1Ev) referenced from messages.o(t._ZN4__rw18__rw_locale_vectorISt18__rw_open_cat_dataE6resizeEj)
 <LI><a href="#[76]">std::__rw_open_cat_data::~__rw_open_cat_data()</a> from messages.o(i._ZNSt18__rw_open_cat_dataD1Ev) referenced from messages.o(t._ZN4__rw18__rw_locale_vectorISt18__rw_open_cat_dataED1Ev)
 <LI><a href="#[97]">std::ctype&lang;char&rang;::_C_initfacet(const std::locale&)</a> from char.o(i._ZNSt5ctypeIcE12_C_initfacetERKSt6locale) referenced from char.o(.constdata__ZTVSt12ctype_bynameIcE)
 <LI><a href="#[97]">std::ctype&lang;char&rang;::_C_initfacet(const std::locale&)</a> from char.o(i._ZNSt5ctypeIcE12_C_initfacetERKSt6locale) referenced from char.o(.constdata__ZTVSt5ctypeIcE)
 <LI><a href="#[9b]">std::ctype&lang;char&rang;::~ctype__deallocating()</a> from char.o(i._ZNSt5ctypeIcED0Ev) referenced from char.o(.constdata__ZTVSt5ctypeIcE)
 <LI><a href="#[9a]">std::ctype&lang;char&rang;::~ctype()</a> from char.o(i._ZNSt5ctypeIcED1Ev) referenced from char.o(.constdata__ZTVSt5ctypeIcE)
 <LI><a href="#[93]">std::locale::facet::~facet__deallocating()</a> from rwstdexcept.o(i._ZNSt6locale5facetD0Ev) referenced from rwstdexcept.o(.constdata__ZTVNSt6locale5facetE)
 <LI><a href="#[59]">std::locale::~locale()</a> from locale.o(i._ZNSt6localeD1Ev) referenced from locale.o(i._ZNSt6locale7classicEv)
 <LI><a href="#[9d]">std::messages&lang;char&rang;::~messages__deallocating()</a> from rwstdexcept.o(i._ZNSt8messagesIcED0Ev) referenced from rwstdexcept.o(.constdata__ZTVSt8messagesIcE)
 <LI><a href="#[9c]">std::messages&lang;char&rang;::~messages()</a> from rwstdexcept.o(i._ZNSt8messagesIcED1Ev) referenced from rwstdexcept.o(.constdata__ZTVSt8messagesIcE)
 <LI><a href="#[5b]">operator delete[] (void*)</a> from retarget.o(i._ZdaPv) referenced from cxa_vec_new.o(i.__cxa_vec_new)
 <LI><a href="#[8a]">__cxa_pure_virtual</a> from pure_virt.o(i.__cxa_pure_virtual) referenced 3 times from adafruit_ssd1306.o(.constdata__ZTV16Adafruit_SSD1306)
 <LI><a href="#[8a]">__cxa_pure_virtual</a> from pure_virt.o(i.__cxa_pure_virtual) referenced 6 times from retarget.o(.constdata__ZTVN4mbed10FileHandleE)
 <LI><a href="#[8a]">__cxa_pure_virtual</a> from pure_virt.o(i.__cxa_pure_virtual) referenced 2 times from stream.o(.constdata__ZTVN4mbed6StreamE)
 <LI><a href="#[8a]">__cxa_pure_virtual</a> from pure_virt.o(i.__cxa_pure_virtual) referenced 6 times from filelike.o(.constdata__ZTVN4mbed8FileLikeE)
 <LI><a href="#[a4]">__main</a> from __main.o(!!!main) referenced from startup_lpc17xx.o(.text)
 <LI><a href="#[a2]">__sti___10_locale_cpp_ff99fc7b</a> from locale.o(i.__sti___10_locale_cpp_ff99fc7b) referenced from locale.o(.init_array)
 <LI><a href="#[a3]">__sti___10_rwcats_cpp_64e8068e</a> from rwcats.o(i.__sti___10_rwcats_cpp_64e8068e) referenced from rwcats.o(.init_array)
 <LI><a href="#[a1]">__sti___8_char_cpp_a3dc957a</a> from char.o(i.__sti___8_char_cpp_a3dc957a) referenced from char.o(.init_array)
 <LI><a href="#[a0]">__sti___8_main_cpp_myled</a> from main.o(i.__sti___8_main_cpp_myled) referenced from main.o(.init_array)
 <LI><a href="#[55]">_fputc$unlocked</a> from fputc.o(i.fputc) referenced from _printf_char_file_locked.o(.text)
 <LI><a href="#[4b]">_get_lc_ctype</a> from lc_ctype_c.o(locale$$code) referenced from rt_ctype_table.o(.text)
 <LI><a href="#[51]">_printf_input_char</a> from _printf_char_common.o(.text) referenced from _printf_char_common.o(.text)
 <LI><a href="#[50]">_sbackspace</a> from _sgetc.o(.text) referenced 2 times from __0sscanf.o(.text)
 <LI><a href="#[52]">_scanf_char_input</a> from scanf_char.o(.text) referenced from scanf_char.o(.text)
 <LI><a href="#[4f]">_sgetc</a> from _sgetc.o(.text) referenced 2 times from __0sscanf.o(.text)
 <LI><a href="#[54]">_snputc</a> from _snputc.o(.text) referenced from vsnprintf.o(.text)
 <LI><a href="#[4c]">_sputc</a> from _sputc.o(.text) referenced 2 times from vsprintf.o(.text)
 <LI><a href="#[1b]">default_idle_hook</a> from rtos_idle.o(i.default_idle_hook) referenced 2 times from rtos_idle.o(.data)
 <LI><a href="#[53]">isspace</a> from isspace.o(.text) referenced from scanf_char.o(.text)
 <LI><a href="#[74]">osThreadExit</a> from rt_cmsis.o(i.osThreadExit) referenced from rt_cmsis.o(i.svcThreadCreate)
 <LI><a href="#[7e]">osTimerThread</a> from rt_cmsis.o(i.osTimerThread) referenced from rtx_conf_cm.o(.constdata)
 <LI><a href="#[6f]">os_idle_demon</a> from rtx_conf_cm.o(i.os_idle_demon) referenced from rt_task.o(i.rt_sys_init)
 <LI><a href="#[1c]">pre_main</a> from rtx_conf_cm.o(i.pre_main) referenced 2 times from rtx_conf_cm.o(.data)
 <LI><a href="#[4d]">rt_alloc_box</a> from rt_membox.o(i.rt_alloc_box) referenced from hal_cm3.o(.emb_text)
 <LI><a href="#[4e]">rt_free_box</a> from rt_membox.o(i.rt_free_box) referenced from hal_cm3.o(.emb_text)
 <LI><a href="#[60]">rt_mut_release</a> from rt_mutex.o(i.rt_mut_release) referenced from rtx_conf_cm.o(i._mutex_release)
 <LI><a href="#[5f]">rt_mut_wait</a> from rt_mutex.o(i.rt_mut_wait) referenced from rtx_conf_cm.o(i._mutex_acquire)
 <LI><a href="#[61]">svcDelay</a> from rt_cmsis.o(i.svcDelay) referenced from rt_cmsis.o(i.osDelay)
 <LI><a href="#[62]">svcKernelInitialize</a> from rt_cmsis.o(i.svcKernelInitialize) referenced from rt_cmsis.o(i.osKernelInitialize)
 <LI><a href="#[63]">svcKernelRunning</a> from rt_cmsis.o(i.svcKernelRunning) referenced from rt_cmsis.o(i.osKernelStart)
 <LI><a href="#[64]">svcKernelStart</a> from rt_cmsis.o(i.svcKernelStart) referenced from rt_cmsis.o(i.osKernelStart)
 <LI><a href="#[6d]">svcMessageGet</a> from rt_cmsis.o(i.svcMessageGet) referenced from rt_cmsis.o(i.osTimerThread)
 <LI><a href="#[65]">svcMutexCreate</a> from rt_cmsis.o(i.svcMutexCreate) referenced from rt_cmsis.o(i.osMutexCreate)
 <LI><a href="#[65]">svcMutexCreate</a> from rt_cmsis.o(i.svcMutexCreate) referenced from rt_cmsis.o(i.svcKernelInitialize)
 <LI><a href="#[66]">svcMutexRelease</a> from rt_cmsis.o(i.svcMutexRelease) referenced from rt_cmsis.o(i.osMutexRelease)
 <LI><a href="#[66]">svcMutexRelease</a> from rt_cmsis.o(i.svcMutexRelease) referenced from rt_cmsis.o(i.osThreadCreate)
 <LI><a href="#[67]">svcMutexWait</a> from rt_cmsis.o(i.svcMutexWait) referenced from rt_cmsis.o(i.osMutexWait)
 <LI><a href="#[67]">svcMutexWait</a> from rt_cmsis.o(i.svcMutexWait) referenced from rt_cmsis.o(i.osThreadCreate)
 <LI><a href="#[67]">svcMutexWait</a> from rt_cmsis.o(i.svcMutexWait) referenced from rt_cmsis.o(i.osThreadExit)
 <LI><a href="#[68]">svcSemaphoreRelease</a> from rt_cmsis.o(i.svcSemaphoreRelease) referenced from rt_cmsis.o(i.osSemaphoreRelease)
 <LI><a href="#[69]">svcSignalSet</a> from rt_cmsis.o(i.svcSignalSet) referenced from rt_cmsis.o(i.osSignalSet)
 <LI><a href="#[6a]">svcThreadCreate</a> from rt_cmsis.o(i.svcThreadCreate) referenced from rt_cmsis.o(i.osThreadCreate)
 <LI><a href="#[6b]">svcThreadGetId</a> from rt_cmsis.o(i.svcThreadGetId) referenced from rt_cmsis.o(i.osThreadExit)
 <LI><a href="#[6c]">svcThreadTerminate</a> from rt_cmsis.o(i.svcThreadTerminate) referenced from rt_cmsis.o(i.osThreadExit)
 <LI><a href="#[6e]">svcTimerCall</a> from rt_cmsis.o(i.svcTimerCall) referenced from rt_cmsis.o(i.osTimerThread)
 <LI><a href="#[70]">uart0_irq</a> from serial_api.o(i.uart0_irq) referenced from serial_api.o(i.serial_irq_set_internal)
 <LI><a href="#[71]">uart1_irq</a> from serial_api.o(i.uart1_irq) referenced from serial_api.o(i.serial_irq_set_internal)
 <LI><a href="#[72]">uart2_irq</a> from serial_api.o(i.uart2_irq) referenced from serial_api.o(i.serial_irq_set_internal)
 <LI><a href="#[73]">uart3_irq</a> from serial_api.o(i.uart3_irq) referenced from serial_api.o(i.serial_irq_set_internal)
 <LI><a href="#[7c]">us_ticker_clear_interrupt</a> from us_ticker.o(i.us_ticker_clear_interrupt) referenced from mbed_us_ticker_api.o(.constdata)
 <LI><a href="#[7b]">us_ticker_disable_interrupt</a> from us_ticker.o(i.us_ticker_disable_interrupt) referenced from mbed_us_ticker_api.o(.constdata)
 <LI><a href="#[79]">us_ticker_init</a> from us_ticker.o(i.us_ticker_init) referenced from mbed_us_ticker_api.o(.constdata)
 <LI><a href="#[75]">us_ticker_irq_handler</a> from mbed_us_ticker_api.o(i.us_ticker_irq_handler) referenced from us_ticker.o(i.us_ticker_init)
 <LI><a href="#[75]">us_ticker_irq_handler</a> from mbed_us_ticker_api.o(i.us_ticker_irq_handler) referenced from us_ticker.o(i.us_ticker_read)
 <LI><a href="#[7a]">us_ticker_read</a> from us_ticker.o(i.us_ticker_read) referenced from mbed_us_ticker_api.o(.constdata)
 <LI><a href="#[7d]">us_ticker_set_interrupt</a> from us_ticker.o(i.us_ticker_set_interrupt) referenced from mbed_us_ticker_api.o(.constdata)
</UL>
<P>
<H3>
Global Symbols
</H3>
<P><STRONG><a name="[a4]"></a>__main</STRONG> (Thumb, 8 bytes, Stack size 0 bytes, __main.o(!!!main))
<BR><BR>[Stack]<UL><LI>Max Depth = 92 + Unknown Stack Size
<LI>Call Chain = __main &rArr; __rt_entry &rArr; osThreadCreate &rArr; svcThreadCreate &rArr; rt_tsk_create &rArr; rt_dispatch &rArr; rt_put_prio
</UL>
<BR>[Calls]<UL><LI><a href="#[a9]">&gt;&gt;</a>&nbsp;&nbsp;&nbsp;__rt_entry
<LI><a href="#[a8]">&gt;&gt;</a>&nbsp;&nbsp;&nbsp;__scatterload
</UL>

<P><STRONG><a name="[a8]"></a>__scatterload</STRONG> (Thumb, 0 bytes, Stack size unknown bytes, __scatter.o(!!!scatter))
<BR><BR>[Called By]<UL><LI><a href="#[a4]">&gt;&gt;</a>&nbsp;&nbsp;&nbsp;__main
</UL>

<P><STRONG><a name="[aa]"></a>__scatterload_rt2</STRONG> (Thumb, 44 bytes, Stack size unknown bytes, __scatter.o(!!!scatter), UNUSED)
<BR><BR>[Calls]<UL><LI><a href="#[a9]">&gt;&gt;</a>&nbsp;&nbsp;&nbsp;__rt_entry
</UL>

<P><STRONG><a name="[242]"></a>__scatterload_rt2_thumb_only</STRONG> (Thumb, 0 bytes, Stack size unknown bytes, __scatter.o(!!!scatter), UNUSED)

<P><STRONG><a name="[243]"></a>__scatterload_null</STRONG> (Thumb, 0 bytes, Stack size unknown bytes, __scatter.o(!!!scatter), UNUSED)

<P><STRONG><a name="[244]"></a>__decompress</STRONG> (Thumb, 90 bytes, Stack size unknown bytes, __dczerorl2.o(!!dczerorl2), UNUSED)

<P><STRONG><a name="[245]"></a>__decompress1</STRONG> (Thumb, 0 bytes, Stack size unknown bytes, __dczerorl2.o(!!dczerorl2), UNUSED)

<P><STRONG><a name="[246]"></a>__scatterload_zeroinit</STRONG> (Thumb, 28 bytes, Stack size unknown bytes, __scatter_zi.o(!!handler_zi), UNUSED)

<P><STRONG><a name="[ab]"></a>_printf_n</STRONG> (Thumb, 0 bytes, Stack size unknown bytes, _printf_n.o(.ARM.Collect$$_printf_percent$$00000001))
<BR><BR>[Calls]<UL><LI><a href="#[ac]">&gt;&gt;</a>&nbsp;&nbsp;&nbsp;_printf_charcount
</UL>

<P><STRONG><a name="[f8]"></a>_printf_percent</STRONG> (Thumb, 0 bytes, Stack size unknown bytes, _printf_percent.o(.ARM.Collect$$_printf_percent$$00000000))
<BR><BR>[Called By]<UL><LI><a href="#[f6]">&gt;&gt;</a>&nbsp;&nbsp;&nbsp;__printf
</UL>

<P><STRONG><a name="[ad]"></a>_printf_p</STRONG> (Thumb, 0 bytes, Stack size unknown bytes, _printf_p.o(.ARM.Collect$$_printf_percent$$00000002))
<BR><BR>[Stack]<UL><LI>Max Depth = 64 + Unknown Stack Size
<LI>Call Chain = _printf_p &rArr; _printf_hex_ptr &rArr; _printf_longlong_hex &rArr; _printf_int_common &rArr; _printf_post_padding
</UL>
<BR>[Calls]<UL><LI><a href="#[ae]">&gt;&gt;</a>&nbsp;&nbsp;&nbsp;_printf_hex_ptr
</UL>

<P><STRONG><a name="[af]"></a>_printf_f</STRONG> (Thumb, 0 bytes, Stack size unknown bytes, _printf_f.o(.ARM.Collect$$_printf_percent$$00000003))
<BR><BR>[Stack]<UL><LI>Max Depth = 320 + Unknown Stack Size
<LI>Call Chain = _printf_f &rArr; _printf_fp_dec &rArr; _printf_fp_dec_real &rArr; _fp_digits &rArr; _btod_etento &rArr; _btod_emul &rArr; _e2e
</UL>
<BR>[Calls]<UL><LI><a href="#[b0]">&gt;&gt;</a>&nbsp;&nbsp;&nbsp;_printf_fp_dec
</UL>

<P><STRONG><a name="[b1]"></a>_printf_e</STRONG> (Thumb, 0 bytes, Stack size unknown bytes, _printf_e.o(.ARM.Collect$$_printf_percent$$00000004))
<BR><BR>[Stack]<UL><LI>Max Depth = 320 + Unknown Stack Size
<LI>Call Chain = _printf_e &rArr; _printf_fp_dec &rArr; _printf_fp_dec_real &rArr; _fp_digits &rArr; _btod_etento &rArr; _btod_emul &rArr; _e2e
</UL>
<BR>[Calls]<UL><LI><a href="#[b0]">&gt;&gt;</a>&nbsp;&nbsp;&nbsp;_printf_fp_dec
</UL>

<P><STRONG><a name="[b2]"></a>_printf_g</STRONG> (Thumb, 0 bytes, Stack size unknown bytes, _printf_g.o(.ARM.Collect$$_printf_percent$$00000005))
<BR><BR>[Stack]<UL><LI>Max Depth = 320 + Unknown Stack Size
<LI>Call Chain = _printf_g &rArr; _printf_fp_dec &rArr; _printf_fp_dec_real &rArr; _fp_digits &rArr; _btod_etento &rArr; _btod_emul &rArr; _e2e
</UL>
<BR>[Calls]<UL><LI><a href="#[b0]">&gt;&gt;</a>&nbsp;&nbsp;&nbsp;_printf_fp_dec
</UL>

<P><STRONG><a name="[b3]"></a>_printf_a</STRONG> (Thumb, 0 bytes, Stack size unknown bytes, _printf_a.o(.ARM.Collect$$_printf_percent$$00000006))
<BR><BR>[Stack]<UL><LI>Max Depth = 112 + Unknown Stack Size
<LI>Call Chain = _printf_a &rArr; _printf_fp_hex &rArr; _printf_fp_hex_real &rArr; _printf_fp_infnan &rArr; _printf_post_padding
</UL>
<BR>[Calls]<UL><LI><a href="#[b4]">&gt;&gt;</a>&nbsp;&nbsp;&nbsp;_printf_fp_hex
</UL>

<P><STRONG><a name="[247]"></a>_printf_ll</STRONG> (Thumb, 0 bytes, Stack size unknown bytes, _printf_ll.o(.ARM.Collect$$_printf_percent$$00000007))

<P><STRONG><a name="[b5]"></a>_printf_i</STRONG> (Thumb, 0 bytes, Stack size unknown bytes, _printf_i.o(.ARM.Collect$$_printf_percent$$00000008))
<BR><BR>[Stack]<UL><LI>Max Depth = 72 + Unknown Stack Size
<LI>Call Chain = _printf_i &rArr; _printf_int_dec &rArr; _printf_int_common &rArr; _printf_post_padding
</UL>
<BR>[Calls]<UL><LI><a href="#[b6]">&gt;&gt;</a>&nbsp;&nbsp;&nbsp;_printf_int_dec
</UL>

<P><STRONG><a name="[b7]"></a>_printf_d</STRONG> (Thumb, 0 bytes, Stack size unknown bytes, _printf_d.o(.ARM.Collect$$_printf_percent$$00000009))
<BR><BR>[Stack]<UL><LI>Max Depth = 72 + Unknown Stack Size
<LI>Call Chain = _printf_d &rArr; _printf_int_dec &rArr; _printf_int_common &rArr; _printf_post_padding
</UL>
<BR>[Calls]<UL><LI><a href="#[b6]">&gt;&gt;</a>&nbsp;&nbsp;&nbsp;_printf_int_dec
</UL>

<P><STRONG><a name="[b8]"></a>_printf_u</STRONG> (Thumb, 0 bytes, Stack size unknown bytes, _printf_u.o(.ARM.Collect$$_printf_percent$$0000000A))
<BR><BR>[Stack]<UL><LI>Max Depth = 72 + Unknown Stack Size
<LI>Call Chain = _printf_u &rArr; _printf_int_dec &rArr; _printf_int_common &rArr; _printf_post_padding
</UL>
<BR>[Calls]<UL><LI><a href="#[b6]">&gt;&gt;</a>&nbsp;&nbsp;&nbsp;_printf_int_dec
</UL>

<P><STRONG><a name="[b9]"></a>_printf_o</STRONG> (Thumb, 0 bytes, Stack size unknown bytes, _printf_o.o(.ARM.Collect$$_printf_percent$$0000000B))
<BR><BR>[Stack]<UL><LI>Max Depth = 64 + Unknown Stack Size
<LI>Call Chain = _printf_o &rArr; _printf_int_oct &rArr; _printf_longlong_oct &rArr; _printf_int_common &rArr; _printf_post_padding
</UL>
<BR>[Calls]<UL><LI><a href="#[ba]">&gt;&gt;</a>&nbsp;&nbsp;&nbsp;_printf_int_oct
</UL>

<P><STRONG><a name="[bb]"></a>_printf_x</STRONG> (Thumb, 0 bytes, Stack size unknown bytes, _printf_x.o(.ARM.Collect$$_printf_percent$$0000000C))
<BR><BR>[Stack]<UL><LI>Max Depth = 80 + Unknown Stack Size
<LI>Call Chain = _printf_x &rArr; _printf_int_hex &rArr; _printf_longlong_hex &rArr; _printf_int_common &rArr; _printf_post_padding
</UL>
<BR>[Calls]<UL><LI><a href="#[bc]">&gt;&gt;</a>&nbsp;&nbsp;&nbsp;_printf_int_hex
</UL>

<P><STRONG><a name="[bd]"></a>_printf_lli</STRONG> (Thumb, 0 bytes, Stack size unknown bytes, _printf_lli.o(.ARM.Collect$$_printf_percent$$0000000D))
<BR><BR>[Stack]<UL><LI>Max Depth = 72 + Unknown Stack Size
<LI>Call Chain = _printf_lli &rArr; _printf_longlong_dec &rArr; _printf_int_common &rArr; _printf_post_padding
</UL>
<BR>[Calls]<UL><LI><a href="#[be]">&gt;&gt;</a>&nbsp;&nbsp;&nbsp;_printf_longlong_dec
</UL>

<P><STRONG><a name="[bf]"></a>_printf_lld</STRONG> (Thumb, 0 bytes, Stack size unknown bytes, _printf_lld.o(.ARM.Collect$$_printf_percent$$0000000E))
<BR><BR>[Stack]<UL><LI>Max Depth = 72 + Unknown Stack Size
<LI>Call Chain = _printf_lld &rArr; _printf_longlong_dec &rArr; _printf_int_common &rArr; _printf_post_padding
</UL>
<BR>[Calls]<UL><LI><a href="#[be]">&gt;&gt;</a>&nbsp;&nbsp;&nbsp;_printf_longlong_dec
</UL>

<P><STRONG><a name="[c0]"></a>_printf_llu</STRONG> (Thumb, 0 bytes, Stack size unknown bytes, _printf_llu.o(.ARM.Collect$$_printf_percent$$0000000F))
<BR><BR>[Stack]<UL><LI>Max Depth = 72 + Unknown Stack Size
<LI>Call Chain = _printf_llu &rArr; _printf_longlong_dec &rArr; _printf_int_common &rArr; _printf_post_padding
</UL>
<BR>[Calls]<UL><LI><a href="#[be]">&gt;&gt;</a>&nbsp;&nbsp;&nbsp;_printf_longlong_dec
</UL>

<P><STRONG><a name="[c1]"></a>_printf_llo</STRONG> (Thumb, 0 bytes, Stack size unknown bytes, _printf_llo.o(.ARM.Collect$$_printf_percent$$00000010))
<BR><BR>[Stack]<UL><LI>Max Depth = 56 + Unknown Stack Size
<LI>Call Chain = _printf_llo &rArr; _printf_ll_oct &rArr; _printf_longlong_oct &rArr; _printf_int_common &rArr; _printf_post_padding
</UL>
<BR>[Calls]<UL><LI><a href="#[c2]">&gt;&gt;</a>&nbsp;&nbsp;&nbsp;_printf_ll_oct
</UL>

<P><STRONG><a name="[c3]"></a>_printf_llx</STRONG> (Thumb, 0 bytes, Stack size unknown bytes, _printf_llx.o(.ARM.Collect$$_printf_percent$$00000011))
<BR><BR>[Stack]<UL><LI>Max Depth = 64 + Unknown Stack Size
<LI>Call Chain = _printf_llx &rArr; _printf_ll_hex &rArr; _printf_longlong_hex &rArr; _printf_int_common &rArr; _printf_post_padding
</UL>
<BR>[Calls]<UL><LI><a href="#[c4]">&gt;&gt;</a>&nbsp;&nbsp;&nbsp;_printf_ll_hex
</UL>

<P><STRONG><a name="[248]"></a>_printf_l</STRONG> (Thumb, 0 bytes, Stack size unknown bytes, _printf_l.o(.ARM.Collect$$_printf_percent$$00000012))

<P><STRONG><a name="[c5]"></a>_printf_c</STRONG> (Thumb, 0 bytes, Stack size unknown bytes, _printf_c.o(.ARM.Collect$$_printf_percent$$00000013))
<BR><BR>[Stack]<UL><LI>Max Depth = 40 + Unknown Stack Size
<LI>Call Chain = _printf_c &rArr; _printf_char &rArr; _printf_cs_common &rArr; _printf_str &rArr; _printf_post_padding
</UL>
<BR>[Calls]<UL><LI><a href="#[c6]">&gt;&gt;</a>&nbsp;&nbsp;&nbsp;_printf_char
</UL>

<P><STRONG><a name="[c7]"></a>_printf_s</STRONG> (Thumb, 0 bytes, Stack size unknown bytes, _printf_s.o(.ARM.Collect$$_printf_percent$$00000014))
<BR><BR>[Stack]<UL><LI>Max Depth = 40 + Unknown Stack Size
<LI>Call Chain = _printf_s &rArr; _printf_string &rArr; _printf_cs_common &rArr; _printf_str &rArr; _printf_post_padding
</UL>
<BR>[Calls]<UL><LI><a href="#[c8]">&gt;&gt;</a>&nbsp;&nbsp;&nbsp;_printf_string
</UL>

<P><STRONG><a name="[c9]"></a>_printf_lc</STRONG> (Thumb, 0 bytes, Stack size unknown bytes, _printf_lc.o(.ARM.Collect$$_printf_percent$$00000015))
<BR><BR>[Stack]<UL><LI>Max Depth = 96 + Unknown Stack Size
<LI>Call Chain = _printf_lc &rArr; _printf_wchar &rArr; _printf_lcs_common &rArr; _printf_wctomb &rArr; _wcrtomb &rArr; __rt_ctype_table &rArr; __rt_locale
</UL>
<BR>[Calls]<UL><LI><a href="#[ca]">&gt;&gt;</a>&nbsp;&nbsp;&nbsp;_printf_wchar
</UL>

<P><STRONG><a name="[cb]"></a>_printf_ls</STRONG> (Thumb, 0 bytes, Stack size unknown bytes, _printf_ls.o(.ARM.Collect$$_printf_percent$$00000016))
<BR><BR>[Stack]<UL><LI>Max Depth = 96 + Unknown Stack Size
<LI>Call Chain = _printf_ls &rArr; _printf_wstring &rArr; _printf_lcs_common &rArr; _printf_wctomb &rArr; _wcrtomb &rArr; __rt_ctype_table &rArr; __rt_locale
</UL>
<BR>[Calls]<UL><LI><a href="#[cc]">&gt;&gt;</a>&nbsp;&nbsp;&nbsp;_printf_wstring
</UL>

<P><STRONG><a name="[249]"></a>_printf_percent_end</STRONG> (Thumb, 0 bytes, Stack size unknown bytes, _printf_percent_end.o(.ARM.Collect$$_printf_percent$$00000017))

<P><STRONG><a name="[1fd]"></a>__rt_lib_init</STRONG> (Thumb, 0 bytes, Stack size unknown bytes, libinit.o(.ARM.Collect$$libinit$$00000000))
<BR><BR>[Called By]<UL><LI><a href="#[1c]">&gt;&gt;</a>&nbsp;&nbsp;&nbsp;pre_main
</UL>

<P><STRONG><a name="[24a]"></a>__rt_lib_init_fp_1</STRONG> (Thumb, 0 bytes, Stack size unknown bytes, libinit2.o(.ARM.Collect$$libinit$$00000002))

<P><STRONG><a name="[cd]"></a>__rt_lib_init_heap_2</STRONG> (Thumb, 0 bytes, Stack size unknown bytes, libinit2.o(.ARM.Collect$$libinit$$00000005))
<BR><BR>[Stack]<UL><LI>Max Depth = 520 + Unknown Stack Size
<LI>Call Chain = __rt_lib_init_heap_2 &rArr; _init_alloc &rArr; __Heap_Initialize &rArr; _mutex_initialize &rArr; error &rArr; mbed_error_vfprintf &rArr; core_util_critical_section_exit &rArr; mbed_assert_internal &rArr; mbed_error_printf &rArr;  core_util_critical_section_exit (Cycle)
</UL>
<BR>[Calls]<UL><LI><a href="#[ce]">&gt;&gt;</a>&nbsp;&nbsp;&nbsp;_init_alloc
</UL>

<P><STRONG><a name="[24b]"></a>__rt_lib_init_preinit_1</STRONG> (Thumb, 0 bytes, Stack size unknown bytes, libinit2.o(.ARM.Collect$$libinit$$00000004))

<P><STRONG><a name="[24c]"></a>__rt_lib_init_heap_1</STRONG> (Thumb, 0 bytes, Stack size unknown bytes, libinit2.o(.ARM.Collect$$libinit$$0000000A))

<P><STRONG><a name="[cf]"></a>__rt_lib_init_lc_common</STRONG> (Thumb, 0 bytes, Stack size unknown bytes, libinit2.o(.ARM.Collect$$libinit$$0000000F))
<BR><BR>[Stack]<UL><LI>Max Depth = 8 + Unknown Stack Size
<LI>Call Chain = __rt_lib_init_lc_common &rArr; __rt_locale
</UL>
<BR>[Calls]<UL><LI><a href="#[d0]">&gt;&gt;</a>&nbsp;&nbsp;&nbsp;__rt_locale
</UL>

<P><STRONG><a name="[24d]"></a>__rt_lib_init_rand_1</STRONG> (Thumb, 0 bytes, Stack size unknown bytes, libinit2.o(.ARM.Collect$$libinit$$0000000E))

<P><STRONG><a name="[24e]"></a>__rt_lib_init_user_alloc_1</STRONG> (Thumb, 0 bytes, Stack size unknown bytes, libinit2.o(.ARM.Collect$$libinit$$0000000C))

<P><STRONG><a name="[24f]"></a>__rt_lib_init_lc_collate_1</STRONG> (Thumb, 0 bytes, Stack size unknown bytes, libinit2.o(.ARM.Collect$$libinit$$00000011))

<P><STRONG><a name="[d1]"></a>__rt_lib_init_lc_ctype_2</STRONG> (Thumb, 0 bytes, Stack size unknown bytes, libinit2.o(.ARM.Collect$$libinit$$00000012))
<BR><BR>[Stack]<UL><LI>Max Depth = 8 + Unknown Stack Size
<LI>Call Chain = __rt_lib_init_lc_ctype_2 &rArr; _get_lc_ctype
</UL>
<BR>[Calls]<UL><LI><a href="#[4b]">&gt;&gt;</a>&nbsp;&nbsp;&nbsp;_get_lc_ctype
</UL>

<P><STRONG><a name="[250]"></a>__rt_lib_init_lc_ctype_1</STRONG> (Thumb, 0 bytes, Stack size unknown bytes, libinit2.o(.ARM.Collect$$libinit$$00000013))

<P><STRONG><a name="[251]"></a>__rt_lib_init_lc_monetary_1</STRONG> (Thumb, 0 bytes, Stack size unknown bytes, libinit2.o(.ARM.Collect$$libinit$$00000015))

<P><STRONG><a name="[d2]"></a>__rt_lib_init_lc_numeric_2</STRONG> (Thumb, 0 bytes, Stack size unknown bytes, libinit2.o(.ARM.Collect$$libinit$$00000016))
<BR><BR>[Stack]<UL><LI>Max Depth = 8 + Unknown Stack Size
<LI>Call Chain = __rt_lib_init_lc_numeric_2 &rArr; _get_lc_numeric
</UL>
<BR>[Calls]<UL><LI><a href="#[d3]">&gt;&gt;</a>&nbsp;&nbsp;&nbsp;_get_lc_numeric
</UL>

<P><STRONG><a name="[252]"></a>__rt_lib_init_atexit_1</STRONG> (Thumb, 0 bytes, Stack size unknown bytes, libinit2.o(.ARM.Collect$$libinit$$0000001B))

<P><STRONG><a name="[253]"></a>__rt_lib_init_clock_1</STRONG> (Thumb, 0 bytes, Stack size unknown bytes, libinit2.o(.ARM.Collect$$libinit$$00000021))

<P><STRONG><a name="[254]"></a>__rt_lib_init_fp_trap_1</STRONG> (Thumb, 0 bytes, Stack size unknown bytes, libinit2.o(.ARM.Collect$$libinit$$0000001F))

<P><STRONG><a name="[255]"></a>__rt_lib_init_getenv_1</STRONG> (Thumb, 0 bytes, Stack size unknown bytes, libinit2.o(.ARM.Collect$$libinit$$00000023))

<P><STRONG><a name="[256]"></a>__rt_lib_init_lc_numeric_1</STRONG> (Thumb, 0 bytes, Stack size unknown bytes, libinit2.o(.ARM.Collect$$libinit$$00000017))

<P><STRONG><a name="[257]"></a>__rt_lib_init_lc_time_1</STRONG> (Thumb, 0 bytes, Stack size unknown bytes, libinit2.o(.ARM.Collect$$libinit$$00000019))

<P><STRONG><a name="[258]"></a>__rt_lib_init_signal_1</STRONG> (Thumb, 0 bytes, Stack size unknown bytes, libinit2.o(.ARM.Collect$$libinit$$0000001D))

<P><STRONG><a name="[d4]"></a>__rt_lib_init_stdio_2</STRONG> (Thumb, 0 bytes, Stack size unknown bytes, libinit2.o(.ARM.Collect$$libinit$$00000024))
<BR><BR>[Stack]<UL><LI>Max Depth = 632 + Unknown Stack Size
<LI>Call Chain = __rt_lib_init_stdio_2 &rArr; _initio &rArr; freopen &rArr; _freopen_locked &rArr; _sys_open &rArr; mbed::FilePath::FilePath(const char*) &rArr; mbed::FileBase::lookup(const char*, unsigned) &rArr; SingletonPtr&lang;rtos::Mutex&rang;::operator -&rang;() &rArr; rtos::Mutex::Mutex() &rArr; error &rArr; mbed_error_vfprintf &rArr; core_util_critical_section_exit &rArr; mbed_assert_internal &rArr; mbed_error_printf &rArr;  core_util_critical_section_exit (Cycle)
</UL>
<BR>[Calls]<UL><LI><a href="#[d5]">&gt;&gt;</a>&nbsp;&nbsp;&nbsp;_initio
</UL>

<P><STRONG><a name="[259]"></a>__rt_lib_init_alloca_1</STRONG> (Thumb, 0 bytes, Stack size unknown bytes, libinit2.o(.ARM.Collect$$libinit$$0000002E))

<P><STRONG><a name="[25a]"></a>__rt_lib_init_argv_1</STRONG> (Thumb, 0 bytes, Stack size unknown bytes, libinit2.o(.ARM.Collect$$libinit$$0000002C))

<P><STRONG><a name="[d6]"></a>__rt_lib_init_cpp_2</STRONG> (Thumb, 0 bytes, Stack size unknown bytes, libinit2.o(.ARM.Collect$$libinit$$00000031))
<BR><BR>[Stack]<UL><LI>Max Depth = 16 + Unknown Stack Size
<LI>Call Chain = __rt_lib_init_cpp_2 &rArr; __cpp_initialize__aeabi_
</UL>
<BR>[Calls]<UL><LI><a href="#[a7]">&gt;&gt;</a>&nbsp;&nbsp;&nbsp;__cpp_initialize__aeabi_
</UL>

<P><STRONG><a name="[25b]"></a>__rt_lib_init_exceptions_1</STRONG> (Thumb, 0 bytes, Stack size unknown bytes, libinit2.o(.ARM.Collect$$libinit$$00000030))

<P><STRONG><a name="[25c]"></a>__rt_lib_init_stdio_1</STRONG> (Thumb, 0 bytes, Stack size unknown bytes, libinit2.o(.ARM.Collect$$libinit$$00000025))

<P><STRONG><a name="[25d]"></a>__rt_lib_init_cpp_1</STRONG> (Thumb, 0 bytes, Stack size unknown bytes, libinit2.o(.ARM.Collect$$libinit$$00000032))

<P><STRONG><a name="[25e]"></a>__rt_lib_init_return</STRONG> (Thumb, 0 bytes, Stack size unknown bytes, libinit2.o(.ARM.Collect$$libinit$$00000033))

<P><STRONG><a name="[a9]"></a>__rt_entry</STRONG> (Thumb, 32 bytes, Stack size 0 bytes, rtx_conf_cm.o(.emb_text))
<BR><BR>[Stack]<UL><LI>Max Depth = 92<LI>Call Chain = __rt_entry &rArr; osThreadCreate &rArr; svcThreadCreate &rArr; rt_tsk_create &rArr; rt_dispatch &rArr; rt_put_prio
</UL>
<BR>[Calls]<UL><LI><a href="#[db]">&gt;&gt;</a>&nbsp;&nbsp;&nbsp;osThreadCreate
<LI><a href="#[d8]">&gt;&gt;</a>&nbsp;&nbsp;&nbsp;_platform_post_stackheap_init
<LI><a href="#[da]">&gt;&gt;</a>&nbsp;&nbsp;&nbsp;set_stack_heap
<LI><a href="#[dc]">&gt;&gt;</a>&nbsp;&nbsp;&nbsp;osKernelStart
<LI><a href="#[d9]">&gt;&gt;</a>&nbsp;&nbsp;&nbsp;osKernelInitialize
<LI><a href="#[d7]">&gt;&gt;</a>&nbsp;&nbsp;&nbsp;__user_setup_stackheap
</UL>
<BR>[Called By]<UL><LI><a href="#[a4]">&gt;&gt;</a>&nbsp;&nbsp;&nbsp;__main
<LI><a href="#[aa]">&gt;&gt;</a>&nbsp;&nbsp;&nbsp;__scatterload_rt2
</UL>

<P><STRONG><a name="[25f]"></a>__rt_lib_shutdown_stdio_2</STRONG> (Thumb, 0 bytes, Stack size 0 bytes, libshutdown2.o(.ARM.Collect$$libshutdown$$00000004))

<P><STRONG><a name="[1e]"></a>Reset_Handler</STRONG> (Thumb, 8 bytes, Stack size 0 bytes, startup_lpc17xx.o(.text))
<BR>[Address Reference Count : 1]<UL><LI> startup_lpc17xx.o(RESET)
</UL>
<P><STRONG><a name="[260]"></a>_maybe_terminate_alloc</STRONG> (Thumb, 0 bytes, Stack size 0 bytes, maybetermalloc1.o(.emb_text), UNUSED)

<P><STRONG><a name="[1f]"></a>NMI_Handler</STRONG> (Thumb, 2 bytes, Stack size 0 bytes, startup_lpc17xx.o(.text))
<BR><BR>[Calls]<UL><LI><a href="#[1f]">&gt;&gt;</a>&nbsp;&nbsp;&nbsp;NMI_Handler
</UL>
<BR>[Called By]<UL><LI><a href="#[1f]">&gt;&gt;</a>&nbsp;&nbsp;&nbsp;NMI_Handler
</UL>
<BR>[Address Reference Count : 1]<UL><LI> startup_lpc17xx.o(RESET)
</UL>
<P><STRONG><a name="[20]"></a>HardFault_Handler</STRONG> (Thumb, 2 bytes, Stack size 0 bytes, startup_lpc17xx.o(.text))
<BR><BR>[Calls]<UL><LI><a href="#[20]">&gt;&gt;</a>&nbsp;&nbsp;&nbsp;HardFault_Handler
</UL>
<BR>[Called By]<UL><LI><a href="#[20]">&gt;&gt;</a>&nbsp;&nbsp;&nbsp;HardFault_Handler
</UL>
<BR>[Address Reference Count : 1]<UL><LI> startup_lpc17xx.o(RESET)
</UL>
<P><STRONG><a name="[21]"></a>MemManage_Handler</STRONG> (Thumb, 2 bytes, Stack size 0 bytes, startup_lpc17xx.o(.text))
<BR><BR>[Calls]<UL><LI><a href="#[21]">&gt;&gt;</a>&nbsp;&nbsp;&nbsp;MemManage_Handler
</UL>
<BR>[Called By]<UL><LI><a href="#[21]">&gt;&gt;</a>&nbsp;&nbsp;&nbsp;MemManage_Handler
</UL>
<BR>[Address Reference Count : 1]<UL><LI> startup_lpc17xx.o(RESET)
</UL>
<P><STRONG><a name="[22]"></a>BusFault_Handler</STRONG> (Thumb, 2 bytes, Stack size 0 bytes, startup_lpc17xx.o(.text))
<BR><BR>[Calls]<UL><LI><a href="#[22]">&gt;&gt;</a>&nbsp;&nbsp;&nbsp;BusFault_Handler
</UL>
<BR>[Called By]<UL><LI><a href="#[22]">&gt;&gt;</a>&nbsp;&nbsp;&nbsp;BusFault_Handler
</UL>
<BR>[Address Reference Count : 1]<UL><LI> startup_lpc17xx.o(RESET)
</UL>
<P><STRONG><a name="[23]"></a>UsageFault_Handler</STRONG> (Thumb, 2 bytes, Stack size 0 bytes, startup_lpc17xx.o(.text))
<BR><BR>[Calls]<UL><LI><a href="#[23]">&gt;&gt;</a>&nbsp;&nbsp;&nbsp;UsageFault_Handler
</UL>
<BR>[Called By]<UL><LI><a href="#[23]">&gt;&gt;</a>&nbsp;&nbsp;&nbsp;UsageFault_Handler
</UL>
<BR>[Address Reference Count : 1]<UL><LI> startup_lpc17xx.o(RESET)
</UL>
<P><STRONG><a name="[25]"></a>DebugMon_Handler</STRONG> (Thumb, 2 bytes, Stack size 0 bytes, startup_lpc17xx.o(.text))
<BR><BR>[Calls]<UL><LI><a href="#[25]">&gt;&gt;</a>&nbsp;&nbsp;&nbsp;DebugMon_Handler
</UL>
<BR>[Called By]<UL><LI><a href="#[25]">&gt;&gt;</a>&nbsp;&nbsp;&nbsp;DebugMon_Handler
</UL>
<BR>[Address Reference Count : 1]<UL><LI> startup_lpc17xx.o(RESET)
</UL>
<P><STRONG><a name="[3e]"></a>ADC_IRQHandler</STRONG> (Thumb, 0 bytes, Stack size 0 bytes, startup_lpc17xx.o(.text))
<BR><BR>[Calls]<UL><LI><a href="#[3e]">&gt;&gt;</a>&nbsp;&nbsp;&nbsp;ADC_IRQHandler
</UL>
<BR>[Called By]<UL><LI><a href="#[3e]">&gt;&gt;</a>&nbsp;&nbsp;&nbsp;ADC_IRQHandler
</UL>
<BR>[Address Reference Count : 1]<UL><LI> startup_lpc17xx.o(RESET)
</UL>
<P><STRONG><a name="[3f]"></a>BOD_IRQHandler</STRONG> (Thumb, 0 bytes, Stack size 0 bytes, startup_lpc17xx.o(.text))
<BR>[Address Reference Count : 1]<UL><LI> startup_lpc17xx.o(RESET)
</UL>
<P><STRONG><a name="[41]"></a>CAN_IRQHandler</STRONG> (Thumb, 0 bytes, Stack size 0 bytes, startup_lpc17xx.o(.text))
<BR>[Address Reference Count : 1]<UL><LI> startup_lpc17xx.o(RESET)
</UL>
<P><STRONG><a name="[42]"></a>DMA_IRQHandler</STRONG> (Thumb, 0 bytes, Stack size 0 bytes, startup_lpc17xx.o(.text))
<BR>[Address Reference Count : 1]<UL><LI> startup_lpc17xx.o(RESET)
</UL>
<P><STRONG><a name="[3a]"></a>EINT0_IRQHandler</STRONG> (Thumb, 0 bytes, Stack size 0 bytes, startup_lpc17xx.o(.text))
<BR>[Address Reference Count : 1]<UL><LI> startup_lpc17xx.o(RESET)
</UL>
<P><STRONG><a name="[3b]"></a>EINT1_IRQHandler</STRONG> (Thumb, 0 bytes, Stack size 0 bytes, startup_lpc17xx.o(.text))
<BR>[Address Reference Count : 1]<UL><LI> startup_lpc17xx.o(RESET)
</UL>
<P><STRONG><a name="[3c]"></a>EINT2_IRQHandler</STRONG> (Thumb, 0 bytes, Stack size 0 bytes, startup_lpc17xx.o(.text))
<BR>[Address Reference Count : 1]<UL><LI> startup_lpc17xx.o(RESET)
</UL>
<P><STRONG><a name="[3d]"></a>EINT3_IRQHandler</STRONG> (Thumb, 0 bytes, Stack size 0 bytes, startup_lpc17xx.o(.text))
<BR>[Address Reference Count : 1]<UL><LI> startup_lpc17xx.o(RESET)
</UL>
<P><STRONG><a name="[32]"></a>I2C0_IRQHandler</STRONG> (Thumb, 0 bytes, Stack size 0 bytes, startup_lpc17xx.o(.text))
<BR>[Address Reference Count : 1]<UL><LI> startup_lpc17xx.o(RESET)
</UL>
<P><STRONG><a name="[33]"></a>I2C1_IRQHandler</STRONG> (Thumb, 0 bytes, Stack size 0 bytes, startup_lpc17xx.o(.text))
<BR>[Address Reference Count : 1]<UL><LI> startup_lpc17xx.o(RESET)
</UL>
<P><STRONG><a name="[34]"></a>I2C2_IRQHandler</STRONG> (Thumb, 0 bytes, Stack size 0 bytes, startup_lpc17xx.o(.text))
<BR>[Address Reference Count : 1]<UL><LI> startup_lpc17xx.o(RESET)
</UL>
<P><STRONG><a name="[43]"></a>I2S_IRQHandler</STRONG> (Thumb, 0 bytes, Stack size 0 bytes, startup_lpc17xx.o(.text))
<BR>[Address Reference Count : 1]<UL><LI> startup_lpc17xx.o(RESET)
</UL>
<P><STRONG><a name="[46]"></a>MCPWM_IRQHandler</STRONG> (Thumb, 0 bytes, Stack size 0 bytes, startup_lpc17xx.o(.text))
<BR>[Address Reference Count : 1]<UL><LI> startup_lpc17xx.o(RESET)
</UL>
<P><STRONG><a name="[38]"></a>PLL0_IRQHandler</STRONG> (Thumb, 0 bytes, Stack size 0 bytes, startup_lpc17xx.o(.text))
<BR>[Address Reference Count : 1]<UL><LI> startup_lpc17xx.o(RESET)
</UL>
<P><STRONG><a name="[48]"></a>PLL1_IRQHandler</STRONG> (Thumb, 0 bytes, Stack size 0 bytes, startup_lpc17xx.o(.text))
<BR>[Address Reference Count : 1]<UL><LI> startup_lpc17xx.o(RESET)
</UL>
<P><STRONG><a name="[31]"></a>PWM1_IRQHandler</STRONG> (Thumb, 0 bytes, Stack size 0 bytes, startup_lpc17xx.o(.text))
<BR>[Address Reference Count : 1]<UL><LI> startup_lpc17xx.o(RESET)
</UL>
<P><STRONG><a name="[47]"></a>QEI_IRQHandler</STRONG> (Thumb, 0 bytes, Stack size 0 bytes, startup_lpc17xx.o(.text))
<BR>[Address Reference Count : 1]<UL><LI> startup_lpc17xx.o(RESET)
</UL>
<P><STRONG><a name="[45]"></a>RIT_IRQHandler</STRONG> (Thumb, 0 bytes, Stack size 0 bytes, startup_lpc17xx.o(.text))
<BR>[Address Reference Count : 1]<UL><LI> startup_lpc17xx.o(RESET)
</UL>
<P><STRONG><a name="[39]"></a>RTC_IRQHandler</STRONG> (Thumb, 0 bytes, Stack size 0 bytes, startup_lpc17xx.o(.text))
<BR>[Address Reference Count : 1]<UL><LI> startup_lpc17xx.o(RESET)
</UL>
<P><STRONG><a name="[35]"></a>SPI_IRQHandler</STRONG> (Thumb, 0 bytes, Stack size 0 bytes, startup_lpc17xx.o(.text))
<BR>[Address Reference Count : 1]<UL><LI> startup_lpc17xx.o(RESET)
</UL>
<P><STRONG><a name="[36]"></a>SSP0_IRQHandler</STRONG> (Thumb, 0 bytes, Stack size 0 bytes, startup_lpc17xx.o(.text))
<BR>[Address Reference Count : 1]<UL><LI> startup_lpc17xx.o(RESET)
</UL>
<P><STRONG><a name="[37]"></a>SSP1_IRQHandler</STRONG> (Thumb, 0 bytes, Stack size 0 bytes, startup_lpc17xx.o(.text))
<BR>[Address Reference Count : 1]<UL><LI> startup_lpc17xx.o(RESET)
</UL>
<P><STRONG><a name="[29]"></a>TIMER0_IRQHandler</STRONG> (Thumb, 0 bytes, Stack size 0 bytes, startup_lpc17xx.o(.text))
<BR>[Address Reference Count : 1]<UL><LI> startup_lpc17xx.o(RESET)
</UL>
<P><STRONG><a name="[2a]"></a>TIMER1_IRQHandler</STRONG> (Thumb, 0 bytes, Stack size 0 bytes, startup_lpc17xx.o(.text))
<BR>[Address Reference Count : 1]<UL><LI> startup_lpc17xx.o(RESET)
</UL>
<P><STRONG><a name="[2b]"></a>TIMER2_IRQHandler</STRONG> (Thumb, 0 bytes, Stack size 0 bytes, startup_lpc17xx.o(.text))
<BR>[Address Reference Count : 1]<UL><LI> startup_lpc17xx.o(RESET)
</UL>
<P><STRONG><a name="[2c]"></a>TIMER3_IRQHandler</STRONG> (Thumb, 0 bytes, Stack size 0 bytes, startup_lpc17xx.o(.text))
<BR>[Address Reference Count : 1]<UL><LI> startup_lpc17xx.o(RESET)
</UL>
<P><STRONG><a name="[2d]"></a>UART0_IRQHandler</STRONG> (Thumb, 0 bytes, Stack size 0 bytes, startup_lpc17xx.o(.text))
<BR>[Address Reference Count : 1]<UL><LI> startup_lpc17xx.o(RESET)
</UL>
<P><STRONG><a name="[2e]"></a>UART1_IRQHandler</STRONG> (Thumb, 0 bytes, Stack size 0 bytes, startup_lpc17xx.o(.text))
<BR>[Address Reference Count : 1]<UL><LI> startup_lpc17xx.o(RESET)
</UL>
<P><STRONG><a name="[2f]"></a>UART2_IRQHandler</STRONG> (Thumb, 0 bytes, Stack size 0 bytes, startup_lpc17xx.o(.text))
<BR>[Address Reference Count : 1]<UL><LI> startup_lpc17xx.o(RESET)
</UL>
<P><STRONG><a name="[30]"></a>UART3_IRQHandler</STRONG> (Thumb, 0 bytes, Stack size 0 bytes, startup_lpc17xx.o(.text))
<BR>[Address Reference Count : 1]<UL><LI> startup_lpc17xx.o(RESET)
</UL>
<P><STRONG><a name="[40]"></a>USB_IRQHandler</STRONG> (Thumb, 0 bytes, Stack size 0 bytes, startup_lpc17xx.o(.text))
<BR>[Address Reference Count : 1]<UL><LI> startup_lpc17xx.o(RESET)
</UL>
<P><STRONG><a name="[28]"></a>WDT_IRQHandler</STRONG> (Thumb, 0 bytes, Stack size 0 bytes, startup_lpc17xx.o(.text))
<BR>[Address Reference Count : 1]<UL><LI> startup_lpc17xx.o(RESET)
</UL>
<P><STRONG><a name="[261]"></a>__user_libspace</STRONG> (Thumb, 8 bytes, Stack size 0 bytes, libspace.o(.text), UNUSED)

<P><STRONG><a name="[111]"></a>__user_perproc_libspace</STRONG> (Thumb, 0 bytes, Stack size 0 bytes, libspace.o(.text))
<BR><BR>[Called By]<UL><LI><a href="#[d0]">&gt;&gt;</a>&nbsp;&nbsp;&nbsp;__rt_locale
<LI><a href="#[ec]">&gt;&gt;</a>&nbsp;&nbsp;&nbsp;__rt_heap_descriptor
<LI><a href="#[152]">&gt;&gt;</a>&nbsp;&nbsp;&nbsp;__rt_eh_globals_addr
</UL>

<P><STRONG><a name="[dd]"></a>__rt_ctype_table</STRONG> (Thumb, 16 bytes, Stack size 8 bytes, rt_ctype_table.o(.text))
<BR><BR>[Stack]<UL><LI>Max Depth = 16<LI>Call Chain = __rt_ctype_table &rArr; __rt_locale
</UL>
<BR>[Calls]<UL><LI><a href="#[d0]">&gt;&gt;</a>&nbsp;&nbsp;&nbsp;__rt_locale
</UL>
<BR>[Called By]<UL><LI><a href="#[118]">&gt;&gt;</a>&nbsp;&nbsp;&nbsp;_wcrtomb
<LI><a href="#[11e]">&gt;&gt;</a>&nbsp;&nbsp;&nbsp;_mbrtowc
<LI><a href="#[53]">&gt;&gt;</a>&nbsp;&nbsp;&nbsp;isspace
<LI><a href="#[1b7]">&gt;&gt;</a>&nbsp;&nbsp;&nbsp;std::ctype_byname&lang;char&rang;::_C_get_mask_table(const char*)
</UL>

<P><STRONG><a name="[de]"></a>vsprintf</STRONG> (Thumb, 32 bytes, Stack size 16 bytes, vsprintf.o(.text))
<BR><BR>[Stack]<UL><LI>Max Depth = 120 + Unknown Stack Size
<LI>Call Chain = vsprintf &rArr; _printf_char_common &rArr; __printf
</UL>
<BR>[Calls]<UL><LI><a href="#[4c]">&gt;&gt;</a>&nbsp;&nbsp;&nbsp;_sputc
<LI><a href="#[df]">&gt;&gt;</a>&nbsp;&nbsp;&nbsp;_printf_char_common
</UL>
<BR>[Called By]<UL><LI><a href="#[1e0]">&gt;&gt;</a>&nbsp;&nbsp;&nbsp;mbed_error_vfprintf
<LI><a href="#[1f7]">&gt;&gt;</a>&nbsp;&nbsp;&nbsp;mbed_error_printf
</UL>

<P><STRONG><a name="[e0]"></a>__c89vfprintf</STRONG> (Thumb, 10 bytes, Stack size 0 bytes, c89vfprintf.o(.text))
<BR><BR>[Stack]<UL><LI>Max Depth = 128 + Unknown Stack Size
<LI>Call Chain = __c89vfprintf &rArr; _printf_char_file &rArr; _printf_char_common &rArr; __printf
</UL>
<BR>[Calls]<UL><LI><a href="#[e1]">&gt;&gt;</a>&nbsp;&nbsp;&nbsp;_printf_char_file
</UL>
<BR>[Called By]<UL><LI><a href="#[19a]">&gt;&gt;</a>&nbsp;&nbsp;&nbsp;mbed::Stream::printf(const char*, ...)
</UL>

<P><STRONG><a name="[e2]"></a>__2sprintf</STRONG> (Thumb, 38 bytes, Stack size 32 bytes, __2sprintf.o(.text))
<BR><BR>[Stack]<UL><LI>Max Depth = 136 + Unknown Stack Size
<LI>Call Chain = __2sprintf &rArr; _printf_char_common &rArr; __printf
</UL>
<BR>[Calls]<UL><LI><a href="#[4c]">&gt;&gt;</a>&nbsp;&nbsp;&nbsp;_sputc
<LI><a href="#[df]">&gt;&gt;</a>&nbsp;&nbsp;&nbsp;_printf_char_common
</UL>
<BR>[Called By]<UL><LI><a href="#[19b]">&gt;&gt;</a>&nbsp;&nbsp;&nbsp;mbed::Stream::Stream__sub_object(const char*)
</UL>

<P><STRONG><a name="[262]"></a>__use_two_region_memory</STRONG> (Thumb, 2 bytes, Stack size 0 bytes, heapauxi.o(.text), UNUSED)

<P><STRONG><a name="[6]"></a>__rt_heap_escrow</STRONG> (Thumb, 2 bytes, Stack size 0 bytes, heapauxi.o(.text), UNUSED)

<P><STRONG><a name="[5]"></a>__rt_heap_expand</STRONG> (Thumb, 2 bytes, Stack size 0 bytes, heapauxi.o(.text), UNUSED)

<P><STRONG><a name="[263]"></a>__I$use$semihosting</STRONG> (Thumb, 0 bytes, Stack size 0 bytes, use_no_semi.o(.text), UNUSED)

<P><STRONG><a name="[264]"></a>__use_no_semihosting_swi</STRONG> (Thumb, 2 bytes, Stack size 0 bytes, use_no_semi.o(.text), UNUSED)

<P><STRONG><a name="[265]"></a>rt_set_PSP</STRONG> (Thumb, 6 bytes, Stack size 0 bytes, hal_cm3.o(.emb_text), UNUSED)

<P><STRONG><a name="[21b]"></a>rt_get_PSP</STRONG> (Thumb, 6 bytes, Stack size 0 bytes, hal_cm3.o(.emb_text))
<BR><BR>[Called By]<UL><LI><a href="#[21a]">&gt;&gt;</a>&nbsp;&nbsp;&nbsp;rt_tsk_delete
</UL>

<P><STRONG><a name="[266]"></a>os_set_env</STRONG> (Thumb, 24 bytes, Stack size 0 bytes, hal_cm3.o(.emb_text), UNUSED)

<P><STRONG><a name="[267]"></a>_alloc_box</STRONG> (Thumb, 28 bytes, Stack size 0 bytes, hal_cm3.o(.emb_text), UNUSED)

<P><STRONG><a name="[268]"></a>_free_box</STRONG> (Thumb, 28 bytes, Stack size 0 bytes, hal_cm3.o(.emb_text), UNUSED)

<P><STRONG><a name="[24]"></a>SVC_Handler</STRONG> (Thumb, 108 bytes, Stack size 0 bytes, hal_cm3.o(.emb_text))
<BR><BR>[Stack]<UL><LI>Max Depth = 488 + Unknown Stack Size
<LI>Call Chain = SVC_Handler &rArr; rt_stk_check &rArr; os_error &rArr; error &rArr; mbed_error_vfprintf &rArr; core_util_critical_section_exit &rArr; mbed_assert_internal &rArr; mbed_error_printf &rArr;  core_util_critical_section_exit (Cycle)
</UL>
<BR>[Calls]<UL><LI><a href="#[e3]">&gt;&gt;</a>&nbsp;&nbsp;&nbsp;rt_stk_check
</UL>
<BR>[Address Reference Count : 1]<UL><LI> startup_lpc17xx.o(RESET)
</UL>
<P><STRONG><a name="[26]"></a>PendSV_Handler</STRONG> (Thumb, 56 bytes, Stack size 0 bytes, hal_cm3.o(.emb_text))
<BR><BR>[Stack]<UL><LI>Max Depth = 528 + Unknown Stack Size
<LI>Call Chain = PendSV_Handler &rArr; rt_pop_req &rArr; rt_mbx_psh &rArr; os_error &rArr; error &rArr; mbed_error_vfprintf &rArr; core_util_critical_section_exit &rArr; mbed_assert_internal &rArr; mbed_error_printf &rArr;  core_util_critical_section_exit (Cycle)
</UL>
<BR>[Calls]<UL><LI><a href="#[e3]">&gt;&gt;</a>&nbsp;&nbsp;&nbsp;rt_stk_check
<LI><a href="#[e4]">&gt;&gt;</a>&nbsp;&nbsp;&nbsp;rt_pop_req
</UL>
<BR>[Address Reference Count : 1]<UL><LI> startup_lpc17xx.o(RESET)
</UL>
<P><STRONG><a name="[27]"></a>SysTick_Handler</STRONG> (Thumb, 8 bytes, Stack size 0 bytes, hal_cm3.o(.emb_text))
<BR><BR>[Stack]<UL><LI>Max Depth = 552 + Unknown Stack Size
<LI>Call Chain = SysTick_Handler &rArr; rt_systick &rArr; sysTimerTick &rArr; isr_mbx_send &rArr; rt_psq_enq &rArr; os_error &rArr; error &rArr; mbed_error_vfprintf &rArr; core_util_critical_section_exit &rArr; mbed_assert_internal &rArr; mbed_error_printf &rArr;  core_util_critical_section_exit (Cycle)
</UL>
<BR>[Calls]<UL><LI><a href="#[e5]">&gt;&gt;</a>&nbsp;&nbsp;&nbsp;rt_systick
</UL>
<BR>[Address Reference Count : 1]<UL><LI> startup_lpc17xx.o(RESET)
</UL>
<P><STRONG><a name="[e6]"></a>OS_Tick_Handler</STRONG> (Thumb, 12 bytes, Stack size 0 bytes, hal_cm3.o(.emb_text), UNUSED)
<BR><BR>[Calls]<UL><LI><a href="#[e7]">&gt;&gt;</a>&nbsp;&nbsp;&nbsp;os_tick_irqack
<LI><a href="#[e5]">&gt;&gt;</a>&nbsp;&nbsp;&nbsp;rt_systick
</UL>

<P><STRONG><a name="[e8]"></a>_malloc_internal</STRONG> (Thumb, 130 bytes, Stack size 24 bytes, h1_alloc_mt.o(.text))
<BR><BR>[Stack]<UL><LI>Max Depth = 64<LI>Call Chain = _malloc_internal &rArr; __Heap_Full &rArr; __Heap_ProvideMemory &rArr; _free_internal
</UL>
<BR>[Calls]<UL><LI><a href="#[a6]">&gt;&gt;</a>&nbsp;&nbsp;&nbsp;_mutex_release
<LI><a href="#[a5]">&gt;&gt;</a>&nbsp;&nbsp;&nbsp;_mutex_acquire
<LI><a href="#[e9]">&gt;&gt;</a>&nbsp;&nbsp;&nbsp;Heap1_SizeAdjust
<LI><a href="#[ea]">&gt;&gt;</a>&nbsp;&nbsp;&nbsp;__Heap_Full
</UL>
<BR>[Called By]<UL><LI><a href="#[eb]">&gt;&gt;</a>&nbsp;&nbsp;&nbsp;malloc
</UL>

<P><STRONG><a name="[eb]"></a>malloc</STRONG> (Thumb, 20 bytes, Stack size 8 bytes, h1_alloc_mt.o(.text))
<BR><BR>[Stack]<UL><LI>Max Depth = 72<LI>Call Chain = malloc &rArr; _malloc_internal &rArr; __Heap_Full &rArr; __Heap_ProvideMemory &rArr; _free_internal
</UL>
<BR>[Calls]<UL><LI><a href="#[e8]">&gt;&gt;</a>&nbsp;&nbsp;&nbsp;_malloc_internal
<LI><a href="#[ec]">&gt;&gt;</a>&nbsp;&nbsp;&nbsp;__rt_heap_descriptor
</UL>
<BR>[Called By]<UL><LI><a href="#[179]">&gt;&gt;</a>&nbsp;&nbsp;&nbsp;operator new[] (unsigned)
<LI><a href="#[170]">&gt;&gt;</a>&nbsp;&nbsp;&nbsp;operator new(unsigned)
<LI><a href="#[10a]">&gt;&gt;</a>&nbsp;&nbsp;&nbsp;fopen
<LI><a href="#[122]">&gt;&gt;</a>&nbsp;&nbsp;&nbsp;__flsbuf
<LI><a href="#[151]">&gt;&gt;</a>&nbsp;&nbsp;&nbsp;__cxa_get_globals
<LI><a href="#[153]">&gt;&gt;</a>&nbsp;&nbsp;&nbsp;__ARM_exceptions_buffer_init
</UL>

<P><STRONG><a name="[ed]"></a>_free_internal</STRONG> (Thumb, 98 bytes, Stack size 16 bytes, h1_free_mt.o(.text))
<BR><BR>[Stack]<UL><LI>Max Depth = 16<LI>Call Chain = _free_internal
</UL>
<BR>[Calls]<UL><LI><a href="#[a6]">&gt;&gt;</a>&nbsp;&nbsp;&nbsp;_mutex_release
<LI><a href="#[a5]">&gt;&gt;</a>&nbsp;&nbsp;&nbsp;_mutex_acquire
</UL>
<BR>[Called By]<UL><LI><a href="#[ee]">&gt;&gt;</a>&nbsp;&nbsp;&nbsp;free
<LI><a href="#[112]">&gt;&gt;</a>&nbsp;&nbsp;&nbsp;__Heap_ProvideMemory
</UL>

<P><STRONG><a name="[ee]"></a>free</STRONG> (Thumb, 20 bytes, Stack size 8 bytes, h1_free_mt.o(.text))
<BR><BR>[Stack]<UL><LI>Max Depth = 24<LI>Call Chain = free &rArr; _free_internal
</UL>
<BR>[Calls]<UL><LI><a href="#[ed]">&gt;&gt;</a>&nbsp;&nbsp;&nbsp;_free_internal
<LI><a href="#[ec]">&gt;&gt;</a>&nbsp;&nbsp;&nbsp;__rt_heap_descriptor
</UL>
<BR>[Called By]<UL><LI><a href="#[5b]">&gt;&gt;</a>&nbsp;&nbsp;&nbsp;operator delete[] (void*)
<LI><a href="#[171]">&gt;&gt;</a>&nbsp;&nbsp;&nbsp;operator delete (void*)
<LI><a href="#[ff]">&gt;&gt;</a>&nbsp;&nbsp;&nbsp;_fclose_internal
<LI><a href="#[12c]">&gt;&gt;</a>&nbsp;&nbsp;&nbsp;_terminateio
</UL>

<P><STRONG><a name="[f0]"></a>_printf_pre_padding</STRONG> (Thumb, 44 bytes, Stack size 16 bytes, _printf_pad.o(.text))
<BR><BR>[Stack]<UL><LI>Max Depth = 16<LI>Call Chain = _printf_pre_padding
</UL>
<BR>[Called By]<UL><LI><a href="#[ef]">&gt;&gt;</a>&nbsp;&nbsp;&nbsp;_printf_str
<LI><a href="#[13b]">&gt;&gt;</a>&nbsp;&nbsp;&nbsp;_printf_fp_hex_real
<LI><a href="#[138]">&gt;&gt;</a>&nbsp;&nbsp;&nbsp;_printf_fp_dec_real
<LI><a href="#[117]">&gt;&gt;</a>&nbsp;&nbsp;&nbsp;_printf_wctomb
<LI><a href="#[f4]">&gt;&gt;</a>&nbsp;&nbsp;&nbsp;_printf_int_common
<LI><a href="#[13a]">&gt;&gt;</a>&nbsp;&nbsp;&nbsp;_printf_fp_infnan
</UL>

<P><STRONG><a name="[f1]"></a>_printf_post_padding</STRONG> (Thumb, 34 bytes, Stack size 16 bytes, _printf_pad.o(.text))
<BR><BR>[Stack]<UL><LI>Max Depth = 16<LI>Call Chain = _printf_post_padding
</UL>
<BR>[Called By]<UL><LI><a href="#[ef]">&gt;&gt;</a>&nbsp;&nbsp;&nbsp;_printf_str
<LI><a href="#[13b]">&gt;&gt;</a>&nbsp;&nbsp;&nbsp;_printf_fp_hex_real
<LI><a href="#[138]">&gt;&gt;</a>&nbsp;&nbsp;&nbsp;_printf_fp_dec_real
<LI><a href="#[117]">&gt;&gt;</a>&nbsp;&nbsp;&nbsp;_printf_wctomb
<LI><a href="#[f4]">&gt;&gt;</a>&nbsp;&nbsp;&nbsp;_printf_int_common
<LI><a href="#[13a]">&gt;&gt;</a>&nbsp;&nbsp;&nbsp;_printf_fp_infnan
</UL>

<P><STRONG><a name="[ef]"></a>_printf_str</STRONG> (Thumb, 82 bytes, Stack size 16 bytes, _printf_str.o(.text))
<BR><BR>[Stack]<UL><LI>Max Depth = 32<LI>Call Chain = _printf_str &rArr; _printf_post_padding
</UL>
<BR>[Calls]<UL><LI><a href="#[f1]">&gt;&gt;</a>&nbsp;&nbsp;&nbsp;_printf_post_padding
<LI><a href="#[f0]">&gt;&gt;</a>&nbsp;&nbsp;&nbsp;_printf_pre_padding
</UL>
<BR>[Called By]<UL><LI><a href="#[116]">&gt;&gt;</a>&nbsp;&nbsp;&nbsp;_printf_cs_common
</UL>

<P><STRONG><a name="[b6]"></a>_printf_int_dec</STRONG> (Thumb, 104 bytes, Stack size 24 bytes, _printf_dec.o(.text))
<BR><BR>[Stack]<UL><LI>Max Depth = 72<LI>Call Chain = _printf_int_dec &rArr; _printf_int_common &rArr; _printf_post_padding
</UL>
<BR>[Calls]<UL><LI><a href="#[f4]">&gt;&gt;</a>&nbsp;&nbsp;&nbsp;_printf_int_common
<LI><a href="#[f3]">&gt;&gt;</a>&nbsp;&nbsp;&nbsp;_printf_truncate_unsigned
<LI><a href="#[f2]">&gt;&gt;</a>&nbsp;&nbsp;&nbsp;_printf_truncate_signed
</UL>
<BR>[Called By]<UL><LI><a href="#[b8]">&gt;&gt;</a>&nbsp;&nbsp;&nbsp;_printf_u
<LI><a href="#[b7]">&gt;&gt;</a>&nbsp;&nbsp;&nbsp;_printf_d
<LI><a href="#[b5]">&gt;&gt;</a>&nbsp;&nbsp;&nbsp;_printf_i
</UL>

<P><STRONG><a name="[f5]"></a>_printf_longlong_hex</STRONG> (Thumb, 86 bytes, Stack size 16 bytes, _printf_hex_int_ll_ptr.o(.text))
<BR><BR>[Stack]<UL><LI>Max Depth = 64<LI>Call Chain = _printf_longlong_hex &rArr; _printf_int_common &rArr; _printf_post_padding
</UL>
<BR>[Calls]<UL><LI><a href="#[f4]">&gt;&gt;</a>&nbsp;&nbsp;&nbsp;_printf_int_common
</UL>
<BR>[Called By]<UL><LI><a href="#[ae]">&gt;&gt;</a>&nbsp;&nbsp;&nbsp;_printf_hex_ptr
<LI><a href="#[c4]">&gt;&gt;</a>&nbsp;&nbsp;&nbsp;_printf_ll_hex
<LI><a href="#[bc]">&gt;&gt;</a>&nbsp;&nbsp;&nbsp;_printf_int_hex
</UL>

<P><STRONG><a name="[bc]"></a>_printf_int_hex</STRONG> (Thumb, 28 bytes, Stack size 16 bytes, _printf_hex_int_ll_ptr.o(.text))
<BR><BR>[Stack]<UL><LI>Max Depth = 80<LI>Call Chain = _printf_int_hex &rArr; _printf_longlong_hex &rArr; _printf_int_common &rArr; _printf_post_padding
</UL>
<BR>[Calls]<UL><LI><a href="#[f5]">&gt;&gt;</a>&nbsp;&nbsp;&nbsp;_printf_longlong_hex
<LI><a href="#[f3]">&gt;&gt;</a>&nbsp;&nbsp;&nbsp;_printf_truncate_unsigned
</UL>
<BR>[Called By]<UL><LI><a href="#[bb]">&gt;&gt;</a>&nbsp;&nbsp;&nbsp;_printf_x
</UL>

<P><STRONG><a name="[c4]"></a>_printf_ll_hex</STRONG> (Thumb, 12 bytes, Stack size 0 bytes, _printf_hex_int_ll_ptr.o(.text))
<BR><BR>[Stack]<UL><LI>Max Depth = 64<LI>Call Chain = _printf_ll_hex &rArr; _printf_longlong_hex &rArr; _printf_int_common &rArr; _printf_post_padding
</UL>
<BR>[Calls]<UL><LI><a href="#[f5]">&gt;&gt;</a>&nbsp;&nbsp;&nbsp;_printf_longlong_hex
</UL>
<BR>[Called By]<UL><LI><a href="#[c3]">&gt;&gt;</a>&nbsp;&nbsp;&nbsp;_printf_llx
</UL>

<P><STRONG><a name="[ae]"></a>_printf_hex_ptr</STRONG> (Thumb, 18 bytes, Stack size 0 bytes, _printf_hex_int_ll_ptr.o(.text))
<BR><BR>[Stack]<UL><LI>Max Depth = 64<LI>Call Chain = _printf_hex_ptr &rArr; _printf_longlong_hex &rArr; _printf_int_common &rArr; _printf_post_padding
</UL>
<BR>[Calls]<UL><LI><a href="#[f5]">&gt;&gt;</a>&nbsp;&nbsp;&nbsp;_printf_longlong_hex
</UL>
<BR>[Called By]<UL><LI><a href="#[ad]">&gt;&gt;</a>&nbsp;&nbsp;&nbsp;_printf_p
</UL>

<P><STRONG><a name="[f6]"></a>__printf</STRONG> (Thumb, 388 bytes, Stack size 40 bytes, __printf_flags_ss_wp.o(.text))
<BR><BR>[Stack]<UL><LI>Max Depth = 40 + Unknown Stack Size
<LI>Call Chain = __printf
</UL>
<BR>[Calls]<UL><LI><a href="#[f8]">&gt;&gt;</a>&nbsp;&nbsp;&nbsp;_printf_percent
<LI><a href="#[f7]">&gt;&gt;</a>&nbsp;&nbsp;&nbsp;_is_digit
</UL>
<BR>[Called By]<UL><LI><a href="#[df]">&gt;&gt;</a>&nbsp;&nbsp;&nbsp;_printf_char_common
</UL>

<P><STRONG><a name="[f9]"></a>__0sscanf</STRONG> (Thumb, 52 bytes, Stack size 72 bytes, __0sscanf.o(.text))
<BR><BR>[Stack]<UL><LI>Max Depth = 496<LI>Call Chain = __0sscanf &rArr; __vfscanf_char &rArr; __vfscanf &rArr; _scanf_real &rArr; _scanf_really_real &rArr; _fp_value &rArr; _btod_etento &rArr; _btod_emul &rArr; _e2e
</UL>
<BR>[Calls]<UL><LI><a href="#[fa]">&gt;&gt;</a>&nbsp;&nbsp;&nbsp;__vfscanf_char
</UL>
<BR>[Called By]<UL><LI><a href="#[108]">&gt;&gt;</a>&nbsp;&nbsp;&nbsp;_sys_open
</UL>

<P><STRONG><a name="[fb]"></a>_scanf_int</STRONG> (Thumb, 332 bytes, Stack size 56 bytes, _scanf_int.o(.text))
<BR><BR>[Stack]<UL><LI>Max Depth = 56<LI>Call Chain = _scanf_int
</UL>
<BR>[Calls]<UL><LI><a href="#[fc]">&gt;&gt;</a>&nbsp;&nbsp;&nbsp;_chval
</UL>
<BR>[Called By]<UL><LI><a href="#[11c]">&gt;&gt;</a>&nbsp;&nbsp;&nbsp;__vfscanf
</UL>

<P><STRONG><a name="[fd]"></a>setbuf</STRONG> (Thumb, 20 bytes, Stack size 0 bytes, setbuf.o(.text))
<BR><BR>[Stack]<UL><LI>Max Depth = 32<LI>Call Chain = setbuf &rArr; setvbuf
</UL>
<BR>[Calls]<UL><LI><a href="#[fe]">&gt;&gt;</a>&nbsp;&nbsp;&nbsp;setvbuf
</UL>
<BR>[Called By]<UL><LI><a href="#[192]">&gt;&gt;</a>&nbsp;&nbsp;&nbsp;mbed::mbed_set_unbuffered_stream(std::__FILE*)
</UL>

<P><STRONG><a name="[269]"></a>_fclose$unlocked</STRONG> (Thumb, 0 bytes, Stack size 32 bytes, fclose.o(.text), UNUSED)

<P><STRONG><a name="[ff]"></a>_fclose_internal</STRONG> (Thumb, 76 bytes, Stack size 32 bytes, fclose.o(.text))
<BR><BR>[Stack]<UL><LI>Max Depth = 224<LI>Call Chain = _fclose_internal &rArr; _fflush &rArr; _writebuf &rArr; _sys_write &rArr; serial_init &rArr;  mbed_assert_internal (Cycle)
</UL>
<BR>[Calls]<UL><LI><a href="#[101]">&gt;&gt;</a>&nbsp;&nbsp;&nbsp;_sys_close
<LI><a href="#[ee]">&gt;&gt;</a>&nbsp;&nbsp;&nbsp;free
<LI><a href="#[102]">&gt;&gt;</a>&nbsp;&nbsp;&nbsp;__aeabi_memclr4
<LI><a href="#[100]">&gt;&gt;</a>&nbsp;&nbsp;&nbsp;_fflush
</UL>
<BR>[Called By]<UL><LI><a href="#[107]">&gt;&gt;</a>&nbsp;&nbsp;&nbsp;_freopen_locked
<LI><a href="#[103]">&gt;&gt;</a>&nbsp;&nbsp;&nbsp;fclose
<LI><a href="#[12c]">&gt;&gt;</a>&nbsp;&nbsp;&nbsp;_terminateio
</UL>

<P><STRONG><a name="[103]"></a>fclose</STRONG> (Thumb, 46 bytes, Stack size 16 bytes, fclose_locked.o(.text))
<BR><BR>[Stack]<UL><LI>Max Depth = 240<LI>Call Chain = fclose &rArr; _fclose_internal &rArr; _fflush &rArr; _writebuf &rArr; _sys_write &rArr; serial_init &rArr;  mbed_assert_internal (Cycle)
</UL>
<BR>[Calls]<UL><LI><a href="#[a6]">&gt;&gt;</a>&nbsp;&nbsp;&nbsp;_mutex_release
<LI><a href="#[a5]">&gt;&gt;</a>&nbsp;&nbsp;&nbsp;_mutex_acquire
<LI><a href="#[ff]">&gt;&gt;</a>&nbsp;&nbsp;&nbsp;_fclose_internal
</UL>
<BR>[Called By]<UL><LI><a href="#[90]">&gt;&gt;</a>&nbsp;&nbsp;&nbsp;mbed::Stream::~Stream__sub_object()
</UL>

<P><STRONG><a name="[104]"></a>_do_fflush</STRONG> (Thumb, 74 bytes, Stack size 24 bytes, fflush_locked.o(.text))
<BR><BR>[Stack]<UL><LI>Max Depth = 216<LI>Call Chain = _do_fflush &rArr; _fflush &rArr; _writebuf &rArr; _sys_write &rArr; serial_init &rArr;  mbed_assert_internal (Cycle)
</UL>
<BR>[Calls]<UL><LI><a href="#[a6]">&gt;&gt;</a>&nbsp;&nbsp;&nbsp;_mutex_release
<LI><a href="#[a5]">&gt;&gt;</a>&nbsp;&nbsp;&nbsp;_mutex_acquire
<LI><a href="#[100]">&gt;&gt;</a>&nbsp;&nbsp;&nbsp;_fflush
<LI><a href="#[105]">&gt;&gt;</a>&nbsp;&nbsp;&nbsp;_fseek
</UL>
<BR>[Called By]<UL><LI><a href="#[106]">&gt;&gt;</a>&nbsp;&nbsp;&nbsp;fflush
</UL>

<P><STRONG><a name="[106]"></a>fflush</STRONG> (Thumb, 60 bytes, Stack size 24 bytes, fflush_locked.o(.text))
<BR><BR>[Stack]<UL><LI>Max Depth = 240<LI>Call Chain = fflush &rArr; _do_fflush &rArr; _fflush &rArr; _writebuf &rArr; _sys_write &rArr; serial_init &rArr;  mbed_assert_internal (Cycle)
</UL>
<BR>[Calls]<UL><LI><a href="#[a6]">&gt;&gt;</a>&nbsp;&nbsp;&nbsp;_mutex_release
<LI><a href="#[a5]">&gt;&gt;</a>&nbsp;&nbsp;&nbsp;_mutex_acquire
<LI><a href="#[104]">&gt;&gt;</a>&nbsp;&nbsp;&nbsp;_do_fflush
</UL>
<BR>[Called By]<UL><LI><a href="#[19a]">&gt;&gt;</a>&nbsp;&nbsp;&nbsp;mbed::Stream::printf(const char*, ...)
<LI><a href="#[1e1]">&gt;&gt;</a>&nbsp;&nbsp;&nbsp;exit
</UL>

<P><STRONG><a name="[109]"></a>freopen</STRONG> (Thumb, 42 bytes, Stack size 24 bytes, fopen_locked.o(.text))
<BR><BR>[Stack]<UL><LI>Max Depth = 624 + Unknown Stack Size
<LI>Call Chain = freopen &rArr; _freopen_locked &rArr; _sys_open &rArr; mbed::FilePath::FilePath(const char*) &rArr; mbed::FileBase::lookup(const char*, unsigned) &rArr; SingletonPtr&lang;rtos::Mutex&rang;::operator -&rang;() &rArr; rtos::Mutex::Mutex() &rArr; error &rArr; mbed_error_vfprintf &rArr; core_util_critical_section_exit &rArr; mbed_assert_internal &rArr; mbed_error_printf &rArr;  core_util_critical_section_exit (Cycle)
</UL>
<BR>[Calls]<UL><LI><a href="#[a6]">&gt;&gt;</a>&nbsp;&nbsp;&nbsp;_mutex_release
<LI><a href="#[a5]">&gt;&gt;</a>&nbsp;&nbsp;&nbsp;_mutex_acquire
<LI><a href="#[107]">&gt;&gt;</a>&nbsp;&nbsp;&nbsp;_freopen_locked
</UL>
<BR>[Called By]<UL><LI><a href="#[d5]">&gt;&gt;</a>&nbsp;&nbsp;&nbsp;_initio
</UL>

<P><STRONG><a name="[10a]"></a>fopen</STRONG> (Thumb, 100 bytes, Stack size 24 bytes, fopen_locked.o(.text))
<BR><BR>[Stack]<UL><LI>Max Depth = 624 + Unknown Stack Size
<LI>Call Chain = fopen &rArr; _freopen_locked &rArr; _sys_open &rArr; mbed::FilePath::FilePath(const char*) &rArr; mbed::FileBase::lookup(const char*, unsigned) &rArr; SingletonPtr&lang;rtos::Mutex&rang;::operator -&rang;() &rArr; rtos::Mutex::Mutex() &rArr; error &rArr; mbed_error_vfprintf &rArr; core_util_critical_section_exit &rArr; mbed_assert_internal &rArr; mbed_error_printf &rArr;  core_util_critical_section_exit (Cycle)
</UL>
<BR>[Calls]<UL><LI><a href="#[a6]">&gt;&gt;</a>&nbsp;&nbsp;&nbsp;_mutex_release
<LI><a href="#[10b]">&gt;&gt;</a>&nbsp;&nbsp;&nbsp;_mutex_initialize
<LI><a href="#[a5]">&gt;&gt;</a>&nbsp;&nbsp;&nbsp;_mutex_acquire
<LI><a href="#[eb]">&gt;&gt;</a>&nbsp;&nbsp;&nbsp;malloc
<LI><a href="#[102]">&gt;&gt;</a>&nbsp;&nbsp;&nbsp;__aeabi_memclr4
<LI><a href="#[107]">&gt;&gt;</a>&nbsp;&nbsp;&nbsp;_freopen_locked
</UL>
<BR>[Called By]<UL><LI><a href="#[19b]">&gt;&gt;</a>&nbsp;&nbsp;&nbsp;mbed::Stream::Stream__sub_object(const char*)
</UL>

<P><STRONG><a name="[184]"></a>strlen</STRONG> (Thumb, 62 bytes, Stack size 8 bytes, strlen.o(.text))
<BR><BR>[Stack]<UL><LI>Max Depth = 8<LI>Call Chain = strlen
</UL>
<BR>[Called By]<UL><LI><a href="#[19d]">&gt;&gt;</a>&nbsp;&nbsp;&nbsp;mbed::FileBase::lookup(const char*, unsigned)
<LI><a href="#[181]">&gt;&gt;</a>&nbsp;&nbsp;&nbsp;std::__rw_exception::_C_vformat(int, std::__va_list)
<LI><a href="#[1c2]">&gt;&gt;</a>&nbsp;&nbsp;&nbsp;std::basic_string&lang;char, std::char_traits&lang;char&rang;, std::allocator&lang;char&rang;&rang;::operator =(const char*)
<LI><a href="#[17c]">&gt;&gt;</a>&nbsp;&nbsp;&nbsp;std::basic_string&lang;char, std::char_traits&lang;char&rang;, std::allocator&lang;char&rang;&rang;::basic_string(const char*, const std::allocator&lang;char&rang;&)
<LI><a href="#[183]">&gt;&gt;</a>&nbsp;&nbsp;&nbsp;__rw::__rw_locale_imp::__rw_locale_imp(const char*, unsigned, unsigned)
<LI><a href="#[18a]">&gt;&gt;</a>&nbsp;&nbsp;&nbsp;__rw::__rw_use_c_lib_locale::__rw_use_c_lib_locale(const char*, int)
</UL>

<P><STRONG><a name="[19f]"></a>strncmp</STRONG> (Thumb, 150 bytes, Stack size 16 bytes, strncmp.o(.text))
<BR><BR>[Stack]<UL><LI>Max Depth = 16<LI>Call Chain = strncmp
</UL>
<BR>[Called By]<UL><LI><a href="#[19d]">&gt;&gt;</a>&nbsp;&nbsp;&nbsp;mbed::FileBase::lookup(const char*, unsigned)
</UL>

<P><STRONG><a name="[10f]"></a>__aeabi_memcpy</STRONG> (Thumb, 0 bytes, Stack size 0 bytes, rt_memcpy_v6.o(.text))
<BR><BR>[Called By]<UL><LI><a href="#[10e]">&gt;&gt;</a>&nbsp;&nbsp;&nbsp;__rt_memmove
<LI><a href="#[159]">&gt;&gt;</a>&nbsp;&nbsp;&nbsp;memcpy
[...]
</UL>

<P><STRONG><a name="[238]"></a>_dcmpeq</STRONG> (Thumb, 120 bytes, Stack size 32 bytes, deqf.o(x$fpl$deqf), UNUSED)
<BR><BR>[Calls]<UL><LI><a href="#[235]">&gt;&gt;</a>&nbsp;&nbsp;&nbsp;__fpl_dnaninf
<LI><a href="#[239]">&gt;&gt;</a>&nbsp;&nbsp;&nbsp;__fpl_dcmp_Inf
</UL>

<P><STRONG><a name="[2a6]"></a>__aeabi_cdcmple</STRONG> (Thumb, 0 bytes, Stack size 32 bytes, dleqf.o(x$fpl$dleqf), UNUSED)

<P><STRONG><a name="[23a]"></a>_dcmple</STRONG> (Thumb, 120 bytes, Stack size 32 bytes, dleqf.o(x$fpl$dleqf), UNUSED)
<BR><BR>[Calls]<UL><LI><a href="#[235]">&gt;&gt;</a>&nbsp;&nbsp;&nbsp;__fpl_dnaninf
<LI><a href="#[239]">&gt;&gt;</a>&nbsp;&nbsp;&nbsp;__fpl_dcmp_Inf
</UL>

<P><STRONG><a name="[23c]"></a>__fpl_dcmple_InfNaN</STRONG> (Thumb, 0 bytes, Stack size unknown bytes, dleqf.o(x$fpl$dleqf), UNUSED)
<BR><BR>[Called By]<UL><LI><a href="#[23b]">&gt;&gt;</a>&nbsp;&nbsp;&nbsp;_drcmple
</UL>

<P><STRONG><a name="[235]"></a>__fpl_dnaninf</STRONG> (Thumb, 156 bytes, Stack size 16 bytes, dnaninf.o(x$fpl$dnaninf), UNUSED)
<BR><BR>[Called By]<UL><LI><a href="#[23a]">&gt;&gt;</a>&nbsp;&nbsp;&nbsp;_dcmple
<LI><a href="#[238]">&gt;&gt;</a>&nbsp;&nbsp;&nbsp;_dcmpeq
<LI><a href="#[233]">&gt;&gt;</a>&nbsp;&nbsp;&nbsp;_d2f
</UL>

<P><STRONG><a name="[1d2]"></a>__aeabi_cdrcmple</STRONG> (Thumb, 0 bytes, Stack size 16 bytes, drleqf.o(x$fpl$drleqf))
<BR><BR>[Stack]<UL><LI>Max Depth = 16<LI>Call Chain = __aeabi_cdrcmple
</UL>
<BR>[Called By]<UL><LI><a href="#[1ce]">&gt;&gt;</a>&nbsp;&nbsp;&nbsp;__mathlib_tofloat
</UL>

<P><STRONG><a name="[23b]"></a>_drcmple</STRONG> (Thumb, 108 bytes, Stack size 16 bytes, drleqf.o(x$fpl$drleqf), UNUSED)
<BR><BR>[Calls]<UL><LI><a href="#[23c]">&gt;&gt;</a>&nbsp;&nbsp;&nbsp;__fpl_dcmple_InfNaN
</UL>

<P><STRONG><a name="[229]"></a>__aeabi_f2iz</STRONG> (Thumb, 0 bytes, Stack size 16 bytes, ffix.o(x$fpl$ffix))
<BR><BR>[Stack]<UL><LI>Max Depth = 16<LI>Call Chain = __aeabi_f2iz
</UL>
<BR>[Called By]<UL><LI><a href="#[1f6]">&gt;&gt;</a>&nbsp;&nbsp;&nbsp;wait
</UL>

<P><STRONG><a name="[23d]"></a>_ffix</STRONG> (Thumb, 54 bytes, Stack size 16 bytes, ffix.o(x$fpl$ffix), UNUSED)
<BR><BR>[Calls]<UL><LI><a href="#[23e]">&gt;&gt;</a>&nbsp;&nbsp;&nbsp;__fpl_fnaninf
</UL>

<P><STRONG><a name="[228]"></a>__aeabi_fmul</STRONG> (Thumb, 0 bytes, Stack size 16 bytes, fmul.o(x$fpl$fmul))
<BR><BR>[Stack]<UL><LI>Max Depth = 16<LI>Call Chain = __aeabi_fmul
</UL>
<BR>[Called By]<UL><LI><a href="#[1f6]">&gt;&gt;</a>&nbsp;&nbsp;&nbsp;wait
</UL>

<P><STRONG><a name="[23f]"></a>_fmul</STRONG> (Thumb, 258 bytes, Stack size 16 bytes, fmul.o(x$fpl$fmul), UNUSED)
<BR><BR>[Calls]<UL><LI><a href="#[234]">&gt;&gt;</a>&nbsp;&nbsp;&nbsp;__fpl_fretinf
<LI><a href="#[23e]">&gt;&gt;</a>&nbsp;&nbsp;&nbsp;__fpl_fnaninf
</UL>

<P><STRONG><a name="[23e]"></a>__fpl_fnaninf</STRONG> (Thumb, 140 bytes, Stack size 8 bytes, fnaninf.o(x$fpl$fnaninf), UNUSED)
<BR><BR>[Called By]<UL><LI><a href="#[23f]">&gt;&gt;</a>&nbsp;&nbsp;&nbsp;_fmul
<LI><a href="#[23d]">&gt;&gt;</a>&nbsp;&nbsp;&nbsp;_ffix
</UL>

<P><STRONG><a name="[234]"></a>__fpl_fretinf</STRONG> (Thumb, 10 bytes, Stack size 0 bytes, fretinf.o(x$fpl$fretinf), UNUSED)
<BR><BR>[Called By]<UL><LI><a href="#[23f]">&gt;&gt;</a>&nbsp;&nbsp;&nbsp;_fmul
<LI><a href="#[233]">&gt;&gt;</a>&nbsp;&nbsp;&nbsp;_d2f
</UL>

<P><STRONG><a name="[b0]"></a>_printf_fp_dec</STRONG> (Thumb, 4 bytes, Stack size 0 bytes, printf1.o(x$fpl$printf1))
<BR><BR>[Stack]<UL><LI>Max Depth = 320<LI>Call Chain = _printf_fp_dec &rArr; _printf_fp_dec_real &rArr; _fp_digits &rArr; _btod_etento &rArr; _btod_emul &rArr; _e2e
</UL>
<BR>[Calls]<UL><LI><a href="#[138]">&gt;&gt;</a>&nbsp;&nbsp;&nbsp;_printf_fp_dec_real
</UL>
<BR>[Called By]<UL><LI><a href="#[b2]">&gt;&gt;</a>&nbsp;&nbsp;&nbsp;_printf_g
<LI><a href="#[b1]">&gt;&gt;</a>&nbsp;&nbsp;&nbsp;_printf_e
<LI><a href="#[af]">&gt;&gt;</a>&nbsp;&nbsp;&nbsp;_printf_f
</UL>

<P><STRONG><a name="[b4]"></a>_printf_fp_hex</STRONG> (Thumb, 4 bytes, Stack size 0 bytes, printf2.o(x$fpl$printf2))
<BR><BR>[Stack]<UL><LI>Max Depth = 112<LI>Call Chain = _printf_fp_hex &rArr; _printf_fp_hex_real &rArr; _printf_fp_infnan &rArr; _printf_post_padding
</UL>
<BR>[Calls]<UL><LI><a href="#[13b]">&gt;&gt;</a>&nbsp;&nbsp;&nbsp;_printf_fp_hex_real
</UL>
<BR>[Called By]<UL><LI><a href="#[b3]">&gt;&gt;</a>&nbsp;&nbsp;&nbsp;_printf_a
</UL>

<P><STRONG><a name="[237]"></a>__fpl_return_NaN</STRONG> (Thumb, 100 bytes, Stack size 0 bytes, retnan.o(x$fpl$retnan))
<BR><BR>[Calls]<UL><LI><a href="#[240]">&gt;&gt;</a>&nbsp;&nbsp;&nbsp;__fpl_cmpreturn
</UL>
<BR>[Called By]<UL><LI><a href="#[236]">&gt;&gt;</a>&nbsp;&nbsp;&nbsp;__fpl_dcheck_NaN1
</UL>

<P><STRONG><a name="[1cc]"></a>__ARM_scalbn</STRONG> (Thumb, 92 bytes, Stack size 0 bytes, scalbn.o(x$fpl$scalbn))
<BR><BR>[Calls]<UL><LI><a href="#[236]">&gt;&gt;</a>&nbsp;&nbsp;&nbsp;__fpl_dcheck_NaN1
</UL>
<BR>[Called By]<UL><LI><a href="#[1cd]">&gt;&gt;</a>&nbsp;&nbsp;&nbsp;__mathlib_dbl_underflow
<LI><a href="#[1cb]">&gt;&gt;</a>&nbsp;&nbsp;&nbsp;__mathlib_dbl_overflow
<LI><a href="#[1d5]">&gt;&gt;</a>&nbsp;&nbsp;&nbsp;ldexp
<LI><a href="#[1cf]">&gt;&gt;</a>&nbsp;&nbsp;&nbsp;frexp
</UL>

<P><STRONG><a name="[13e]"></a>_scanf_real</STRONG> (Thumb, 4 bytes, Stack size 0 bytes, scanf1.o(x$fpl$scanf1))
<BR><BR>[Stack]<UL><LI>Max Depth = 328<LI>Call Chain = _scanf_real &rArr; _scanf_really_real &rArr; _fp_value &rArr; _btod_etento &rArr; _btod_emul &rArr; _e2e
</UL>
<BR>[Calls]<UL><LI><a href="#[144]">&gt;&gt;</a>&nbsp;&nbsp;&nbsp;_scanf_really_real
</UL>
<BR>[Called By]<UL><LI><a href="#[11c]">&gt;&gt;</a>&nbsp;&nbsp;&nbsp;__vfscanf
</UL>

<P><STRONG><a name="[146]"></a>_scanf_hex_real</STRONG> (Thumb, 4 bytes, Stack size 0 bytes, scanf2.o(x$fpl$scanf2))
<BR><BR>[Stack]<UL><LI>Max Depth = 144<LI>Call Chain = _scanf_hex_real &rArr; _scanf_really_hex_real &rArr; __support_ldexp &rArr; ldexp &rArr; __aeabi_cdcmpeq
</UL>
<BR>[Calls]<UL><LI><a href="#[15c]">&gt;&gt;</a>&nbsp;&nbsp;&nbsp;_scanf_really_hex_real
</UL>
<BR>[Called By]<UL><LI><a href="#[144]">&gt;&gt;</a>&nbsp;&nbsp;&nbsp;_scanf_really_real
</UL>

<P><STRONG><a name="[145]"></a>_scanf_infnan</STRONG> (Thumb, 4 bytes, Stack size 0 bytes, scanf2.o(x$fpl$scanf2))
<BR><BR>[Stack]<UL><LI>Max Depth = 72<LI>Call Chain = _scanf_infnan &rArr; _scanf_really_infnan
</UL>
<BR>[Calls]<UL><LI><a href="#[241]">&gt;&gt;</a>&nbsp;&nbsp;&nbsp;_scanf_really_infnan
</UL>
<BR>[Called By]<UL><LI><a href="#[144]">&gt;&gt;</a>&nbsp;&nbsp;&nbsp;_scanf_really_real
</UL>

<P><STRONG><a name="[240]"></a>__fpl_cmpreturn</STRONG> (Thumb, 48 bytes, Stack size 0 bytes, trapv.o(x$fpl$trapveneer))
<BR><BR>[Called By]<UL><LI><a href="#[237]">&gt;&gt;</a>&nbsp;&nbsp;&nbsp;__fpl_return_NaN
</UL>
<P>
<H3>
Local Symbols
</H3>
<P><STRONG><a name="[a0]"></a>__sti___8_main_cpp_myled</STRONG> (Thumb, 406 bytes, Stack size 48 bytes, main.o(i.__sti___8_main_cpp_myled))
<BR><BR>[Stack]<UL><LI>Max Depth = 696 + Unknown Stack Size
<LI>Call Chain = __sti___8_main_cpp_myled &rArr; mbed::Stream::Stream__sub_object(const char*) &rArr; fopen &rArr; _freopen_locked &rArr; _sys_open &rArr; mbed::FilePath::FilePath(const char*) &rArr; mbed::FileBase::lookup(const char*, unsigned) &rArr; SingletonPtr&lang;rtos::Mutex&rang;::operator -&rang;() &rArr; rtos::Mutex::Mutex() &rArr; error &rArr; mbed_error_vfprintf &rArr; core_util_critical_section_exit &rArr; mbed_assert_internal &rArr; mbed_error_printf &rArr;  core_util_critical_section_exit (Cycle)
</UL>
<BR>[Calls]<UL><LI><a href="#[174]">&gt;&gt;</a>&nbsp;&nbsp;&nbsp;mbed_assert_internal
<LI><a href="#[1d3]">&gt;&gt;</a>&nbsp;&nbsp;&nbsp;gpio_init_out
<LI><a href="#[1c4]">&gt;&gt;</a>&nbsp;&nbsp;&nbsp;__aeabi_atexit
<LI><a href="#[19b]">&gt;&gt;</a>&nbsp;&nbsp;&nbsp;mbed::Stream::Stream__sub_object(const char*)
<LI><a href="#[198]">&gt;&gt;</a>&nbsp;&nbsp;&nbsp;mbed::I2C::I2C(PinName, PinName)
<LI><a href="#[197]">&gt;&gt;</a>&nbsp;&nbsp;&nbsp;mbed::I2C::frequency(int)
<LI><a href="#[193]">&gt;&gt;</a>&nbsp;&nbsp;&nbsp;mbed::I2C::start()
<LI><a href="#[177]">&gt;&gt;</a>&nbsp;&nbsp;&nbsp;__rw::__rw_deallocate(void*, unsigned, int)
<LI><a href="#[182]">&gt;&gt;</a>&nbsp;&nbsp;&nbsp;__rw::__rw_allocate(unsigned, int)
<LI><a href="#[1d4]">&gt;&gt;</a>&nbsp;&nbsp;&nbsp;Adafruit_SSD1306::display()
<LI><a href="#[8b]">&gt;&gt;</a>&nbsp;&nbsp;&nbsp;Adafruit_SSD1306::splash()
<LI><a href="#[173]">&gt;&gt;</a>&nbsp;&nbsp;&nbsp;Adafruit_SSD1306::begin(unsigned char)
</UL>
<BR>[Address Reference Count : 1]<UL><LI> main.o(.init_array)
</UL>
<P><STRONG><a name="[1b]"></a>default_idle_hook</STRONG> (Thumb, 2 bytes, Stack size 0 bytes, rtos_idle.o(i.default_idle_hook))
<BR>[Address Reference Count : 1]<UL><LI> rtos_idle.o(.data)
</UL>
<P><STRONG><a name="[220]"></a>serial_irq_set_internal</STRONG> (Thumb, 190 bytes, Stack size 16 bytes, serial_api.o(i.serial_irq_set_internal))
<BR><BR>[Stack]<UL><LI>Max Depth = 48<LI>Call Chain = serial_irq_set_internal &rArr; __NVIC_SetVector &rArr; __aeabi_memcpy4
</UL>
<BR>[Calls]<UL><LI><a href="#[1c8]">&gt;&gt;</a>&nbsp;&nbsp;&nbsp;__NVIC_SetVector
</UL>
<BR>[Called By]<UL><LI><a href="#[21f]">&gt;&gt;</a>&nbsp;&nbsp;&nbsp;serial_set_flow_control
</UL>

<P><STRONG><a name="[226]"></a>uart_irq</STRONG> (Thumb, 94 bytes, Stack size 8 bytes, serial_api.o(i.uart_irq))
<BR><BR>[Stack]<UL><LI>Max Depth = 8<LI>Call Chain = uart_irq
</UL>
<BR>[Called By]<UL><LI><a href="#[73]">&gt;&gt;</a>&nbsp;&nbsp;&nbsp;uart3_irq
<LI><a href="#[72]">&gt;&gt;</a>&nbsp;&nbsp;&nbsp;uart2_irq
<LI><a href="#[71]">&gt;&gt;</a>&nbsp;&nbsp;&nbsp;uart1_irq
<LI><a href="#[70]">&gt;&gt;</a>&nbsp;&nbsp;&nbsp;uart0_irq
</UL>

<P><STRONG><a name="[222]"></a>rt_ms2tick</STRONG> (Thumb, 64 bytes, Stack size 0 bytes, rt_cmsis.o(i.rt_ms2tick))
<BR><BR>[Called By]<UL><LI><a href="#[67]">&gt;&gt;</a>&nbsp;&nbsp;&nbsp;svcMutexWait
<LI><a href="#[6d]">&gt;&gt;</a>&nbsp;&nbsp;&nbsp;svcMessageGet
<LI><a href="#[61]">&gt;&gt;</a>&nbsp;&nbsp;&nbsp;svcDelay
</UL>

<P><STRONG><a name="[e9]"></a>Heap1_SizeAdjust</STRONG> (Thumb, 8 bytes, Stack size 0 bytes, h1_alloc_mt.o(.text))
<BR><BR>[Called By]<UL><LI><a href="#[e8]">&gt;&gt;</a>&nbsp;&nbsp;&nbsp;_malloc_internal
</UL>

<P><STRONG><a name="[107]"></a>_freopen_locked</STRONG> (Thumb, 174 bytes, Stack size 32 bytes, fopen_locked.o(.text))
<BR><BR>[Stack]<UL><LI>Max Depth = 600 + Unknown Stack Size
<LI>Call Chain = _freopen_locked &rArr; _sys_open &rArr; mbed::FilePath::FilePath(const char*) &rArr; mbed::FileBase::lookup(const char*, unsigned) &rArr; SingletonPtr&lang;rtos::Mutex&rang;::operator -&rang;() &rArr; rtos::Mutex::Mutex() &rArr; error &rArr; mbed_error_vfprintf &rArr; core_util_critical_section_exit &rArr; mbed_assert_internal &rArr; mbed_error_printf &rArr;  core_util_critical_section_exit (Cycle)
</UL>
<BR>[Calls]<UL><LI><a href="#[108]">&gt;&gt;</a>&nbsp;&nbsp;&nbsp;_sys_open
<LI><a href="#[a6]">&gt;&gt;</a>&nbsp;&nbsp;&nbsp;_mutex_release
<LI><a href="#[a5]">&gt;&gt;</a>&nbsp;&nbsp;&nbsp;_mutex_acquire
<LI><a href="#[ff]">&gt;&gt;</a>&nbsp;&nbsp;&nbsp;_fclose_internal
<LI><a href="#[105]">&gt;&gt;</a>&nbsp;&nbsp;&nbsp;_fseek
</UL>
<BR>[Called By]<UL><LI><a href="#[10a]">&gt;&gt;</a>&nbsp;&nbsp;&nbsp;fopen
<LI><a href="#[109]">&gt;&gt;</a>&nbsp;&nbsp;&nbsp;freopen
</UL>

<P><STRONG><a name="[51]"></a>_printf_input_char</STRONG> (Thumb, 10 bytes, Stack size 0 bytes, _printf_char_common.o(.text))
<BR>[Address Reference Count : 1]<UL><LI> _printf_char_common.o(.text)
</UL>
<P><STRONG><a name="[52]"></a>_scanf_char_input</STRONG> (Thumb, 12 bytes, Stack size 0 bytes, scanf_char.o(.text))
<BR>[Address Reference Count : 1]<UL><LI> scanf_char.o(.text)
</UL>
<P><STRONG><a name="[178]"></a>[local to rwstdexcept_cpp]::__rw::__rw_vfmatstr(char*, unsigned, const char*, std::__va_list)</STRONG> (Thumb, 88 bytes, Stack size 24 bytes, rwstdexcept.o(i._ZN37_INTERNAL_15_rwstdexcept_cpp_8697b68a4__rw13__rw_vfmatstrEPcjPKcSt9__va_list))
<BR><BR>[Stack]<UL><LI>Max Depth = 512 + Unknown Stack Size
<LI>Call Chain = [local to rwstdexcept_cpp]::__rw::__rw_vfmatstr(char*, unsigned, const char*, std::__va_list) &rArr; operator new[] (unsigned) &rArr; error &rArr; mbed_error_vfprintf &rArr; core_util_critical_section_exit &rArr; mbed_assert_internal &rArr; mbed_error_printf &rArr;  core_util_critical_section_exit (Cycle)
</UL>
<BR>[Calls]<UL><LI><a href="#[179]">&gt;&gt;</a>&nbsp;&nbsp;&nbsp;operator new[] (unsigned)
<LI><a href="#[5b]">&gt;&gt;</a>&nbsp;&nbsp;&nbsp;operator delete[] (void*)
<LI><a href="#[132]">&gt;&gt;</a>&nbsp;&nbsp;&nbsp;vsnprintf
</UL>
<BR>[Called By]<UL><LI><a href="#[181]">&gt;&gt;</a>&nbsp;&nbsp;&nbsp;std::__rw_exception::_C_vformat(int, std::__va_list)
<LI><a href="#[17a]">&gt;&gt;</a>&nbsp;&nbsp;&nbsp;[local to rwstdexcept_cpp]::__rw::__rw_vfmatstr(char*, unsigned, int, std::__va_list)
</UL>

<P><STRONG><a name="[17a]"></a>[local to rwstdexcept_cpp]::__rw::__rw_vfmatstr(char*, unsigned, int, std::__va_list)</STRONG> (Thumb, 296 bytes, Stack size 88 bytes, rwstdexcept.o(i._ZN37_INTERNAL_15_rwstdexcept_cpp_8697b68a4__rw13__rw_vfmatstrEPcjiSt9__va_list))
<BR><BR>[Stack]<UL><LI>Max Depth = 672 + Unknown Stack Size
<LI>Call Chain = [local to rwstdexcept_cpp]::__rw::__rw_vfmatstr(char*, unsigned, int, std::__va_list) &rArr; std::basic_string&lang;char, std::char_traits&lang;char&rang;, std::allocator&lang;char&rang;&rang;::basic_string(const char*, const std::allocator&lang;char&rang;&) &rArr; std::basic_string&lang;char, std::char_traits&lang;char&rang;, std::allocator&lang;char&rang;&rang;::_C_allocate(unsigned, unsigned, unsigned) &rArr; std::basic_string&lang;char, std::char_traits&lang;char&rang;, std::allocator&lang;char&rang;&rang;::_C_getRep(unsigned, unsigned) &rArr;  __rw::__rw_throw(int, ...) (Cycle)
</UL>
<BR>[Calls]<UL><LI><a href="#[13d]">&gt;&gt;</a>&nbsp;&nbsp;&nbsp;sscanf
<LI><a href="#[17e]">&gt;&gt;</a>&nbsp;&nbsp;&nbsp;std::locale::locale()
<LI><a href="#[178]">&gt;&gt;</a>&nbsp;&nbsp;&nbsp;[local to rwstdexcept_cpp]::__rw::__rw_vfmatstr(char*, unsigned, const char*, std::__va_list)
<LI><a href="#[17c]">&gt;&gt;</a>&nbsp;&nbsp;&nbsp;std::basic_string&lang;char, std::char_traits&lang;char&rang;, std::allocator&lang;char&rang;&rang;::basic_string(const char*, const std::allocator&lang;char&rang;&)
<LI><a href="#[59]">&gt;&gt;</a>&nbsp;&nbsp;&nbsp;std::locale::~locale()
<LI><a href="#[57]">&gt;&gt;</a>&nbsp;&nbsp;&nbsp;std::basic_string&lang;char, std::char_traits&lang;char&rang;, std::allocator&lang;char&rang;&rang;::~basic_string()
<LI><a href="#[17d]">&gt;&gt;</a>&nbsp;&nbsp;&nbsp;std::basic_string&lang;char, std::char_traits&lang;char&rang;, std::allocator&lang;char&rang;&rang;::basic_string(const std::basic_string&lang;char, std::char_traits&lang;char&rang;, std::allocator&lang;char&rang;&rang;&)
<LI><a href="#[17b]">&gt;&gt;</a>&nbsp;&nbsp;&nbsp;strrchr
</UL>
<BR>[Called By]<UL><LI><a href="#[181]">&gt;&gt;</a>&nbsp;&nbsp;&nbsp;std::__rw_exception::_C_vformat(int, std::__va_list)
</UL>

<P><STRONG><a name="[133]"></a>_fp_digits</STRONG> (Thumb, 428 bytes, Stack size 96 bytes, _printf_fp_dec.o(.text))
<BR><BR>[Stack]<UL><LI>Max Depth = 216<LI>Call Chain = _fp_digits &rArr; _btod_etento &rArr; _btod_emul &rArr; _e2e
</UL>
<BR>[Calls]<UL><LI><a href="#[119]">&gt;&gt;</a>&nbsp;&nbsp;&nbsp;_ll_udiv10
<LI><a href="#[137]">&gt;&gt;</a>&nbsp;&nbsp;&nbsp;_btod_emul
<LI><a href="#[136]">&gt;&gt;</a>&nbsp;&nbsp;&nbsp;_btod_ediv
<LI><a href="#[135]">&gt;&gt;</a>&nbsp;&nbsp;&nbsp;_btod_d2e
<LI><a href="#[134]">&gt;&gt;</a>&nbsp;&nbsp;&nbsp;_btod_etento
</UL>
<BR>[Called By]<UL><LI><a href="#[138]">&gt;&gt;</a>&nbsp;&nbsp;&nbsp;_printf_fp_dec_real
</UL>

<P><STRONG><a name="[140]"></a>_fp_value</STRONG> (Thumb, 508 bytes, Stack size 88 bytes, scanf_fp.o(.text))
<BR><BR>[Stack]<UL><LI>Max Depth = 208<LI>Call Chain = _fp_value &rArr; _btod_etento &rArr; _btod_emul &rArr; _e2e
</UL>
<BR>[Calls]<UL><LI><a href="#[142]">&gt;&gt;</a>&nbsp;&nbsp;&nbsp;_btod_emuld
<LI><a href="#[143]">&gt;&gt;</a>&nbsp;&nbsp;&nbsp;_btod_edivd
<LI><a href="#[134]">&gt;&gt;</a>&nbsp;&nbsp;&nbsp;_btod_etento
<LI><a href="#[141]">&gt;&gt;</a>&nbsp;&nbsp;&nbsp;__aeabi_errno_addr
</UL>
<BR>[Called By]<UL><LI><a href="#[144]">&gt;&gt;</a>&nbsp;&nbsp;&nbsp;_scanf_really_real
</UL>

<P><STRONG><a name="[a1]"></a>__sti___8_char_cpp_a3dc957a</STRONG> (Thumb, 12 bytes, Stack size 0 bytes, char.o(i.__sti___8_char_cpp_a3dc957a))
<BR>[Address Reference Count : 1]<UL><LI> char.o(.init_array)
</UL>
<P><STRONG><a name="[58]"></a>&lang;Func5&rang;</STRONG> (Thumb, 20 bytes, Stack size 16 bytes, locale.o(i.<Func5>))
<BR><BR>[Stack]<UL><LI>Max Depth = 24<LI>Call Chain = &lang;Func5&rang; &rArr; std::basic_string&lang;char, std::char_traits&lang;char&rang;, std::allocator&lang;char&rang;&rang;::basic_string(const std::allocator&lang;char&rang;&)
</UL>
<BR>[Calls]<UL><LI><a href="#[16a]">&gt;&gt;</a>&nbsp;&nbsp;&nbsp;std::basic_string&lang;char, std::char_traits&lang;char&rang;, std::allocator&lang;char&rang;&rang;::basic_string(const std::allocator&lang;char&rang;&)
</UL>
<BR>[Address Reference Count : 1]<UL><LI> locale.o(i._ZN4__rw15__rw_locale_impC1EPKcjj)
</UL>
<P><STRONG><a name="[a2]"></a>__sti___10_locale_cpp_ff99fc7b</STRONG> (Thumb, 12 bytes, Stack size 0 bytes, locale.o(i.__sti___10_locale_cpp_ff99fc7b))
<BR>[Address Reference Count : 1]<UL><LI> locale.o(.init_array)
</UL>
<P><STRONG><a name="[56]"></a>[local to arm_exceptions_c]::__default_terminate_handler()</STRONG> (Thumb, 6 bytes, Stack size 8 bytes, arm_exceptions_globs.o(.text))
<BR><BR>[Stack]<UL><LI>Max Depth = 56<LI>Call Chain = [local to arm_exceptions_c]::__default_terminate_handler() &rArr; abort &rArr; __rt_SIGABRT &rArr; __rt_SIGABRT_inner &rArr; __default_signal_display &rArr; _ttywrch
</UL>
<BR>[Calls]<UL><LI><a href="#[148]">&gt;&gt;</a>&nbsp;&nbsp;&nbsp;abort
</UL>
<BR>[Address Reference Count : 1]<UL><LI> arm_exceptions_globs.o(.text)
</UL>
<P><STRONG><a name="[a3]"></a>__sti___10_rwcats_cpp_64e8068e</STRONG> (Thumb, 42 bytes, Stack size 16 bytes, rwcats.o(i.__sti___10_rwcats_cpp_64e8068e))
<BR><BR>[Stack]<UL><LI>Max Depth = 504 + Unknown Stack Size
<LI>Call Chain = __sti___10_rwcats_cpp_64e8068e &rArr; operator new[] (unsigned) &rArr; error &rArr; mbed_error_vfprintf &rArr; core_util_critical_section_exit &rArr; mbed_assert_internal &rArr; mbed_error_printf &rArr;  core_util_critical_section_exit (Cycle)
</UL>
<BR>[Calls]<UL><LI><a href="#[179]">&gt;&gt;</a>&nbsp;&nbsp;&nbsp;operator new[] (unsigned)
<LI><a href="#[1c4]">&gt;&gt;</a>&nbsp;&nbsp;&nbsp;__aeabi_atexit
</UL>
<BR>[Address Reference Count : 1]<UL><LI> rwcats.o(.init_array)
</UL>
<P><STRONG><a name="[15f]"></a>_locale_name</STRONG> (Thumb, 154 bytes, Stack size 16 bytes, locale_r.o(.text))
<BR><BR>[Stack]<UL><LI>Max Depth = 24<LI>Call Chain = _locale_name &rArr; __rt_locale
</UL>
<BR>[Calls]<UL><LI><a href="#[d0]">&gt;&gt;</a>&nbsp;&nbsp;&nbsp;__rt_locale
</UL>
<BR>[Called By]<UL><LI><a href="#[156]">&gt;&gt;</a>&nbsp;&nbsp;&nbsp;_setlocale_r
<LI><a href="#[160]">&gt;&gt;</a>&nbsp;&nbsp;&nbsp;_set_locale_byname
</UL>

<P><STRONG><a name="[160]"></a>_set_locale_byname</STRONG> (Thumb, 154 bytes, Stack size 24 bytes, locale_r.o(.text))
<BR><BR>[Stack]<UL><LI>Max Depth = 48<LI>Call Chain = _set_locale_byname &rArr; _locale_name &rArr; __rt_locale
</UL>
<BR>[Calls]<UL><LI><a href="#[4b]">&gt;&gt;</a>&nbsp;&nbsp;&nbsp;_get_lc_ctype
<LI><a href="#[d0]">&gt;&gt;</a>&nbsp;&nbsp;&nbsp;__rt_locale
<LI><a href="#[d3]">&gt;&gt;</a>&nbsp;&nbsp;&nbsp;_get_lc_numeric
<LI><a href="#[15f]">&gt;&gt;</a>&nbsp;&nbsp;&nbsp;_locale_name
</UL>
<BR>[Called By]<UL><LI><a href="#[156]">&gt;&gt;</a>&nbsp;&nbsp;&nbsp;_setlocale_r
</UL>
<P>
<H3>
Undefined Global Symbols
</H3><HR></body></html>
