<html>
<body>
<pre>
<h1>µVision Build Log</h1>
<h2>Tool Versions:</h2>
IDE-Version: µVision V5.20.0.0
Copyright (C) 2016 ARM Ltd and ARM Germany GmbH. All rights reserved.
License Information: efd deepanshu, dw, LIC=HF8SB-29APA-VH987-E1LTD-VLY2E-URCHT
 
Tool Versions:
Toolchain:       MDK-ARM Professional  Version: 5.20
Toolchain Path:  D:\program files\Uvision 5\ARM\ARMCC\Bin
C Compiler:      Armcc.exe V5.06 update 2 (build 183)
Assembler:       Armasm.exe V5.06 update 2 (build 183)
Linker/Locator:  ArmLink.exe V5.06 update 2 (build 183)
Library Manager: ArmAr.exe V5.06 update 2 (build 183)
Hex Converter:   FromElf.exe V5.06 update 2 (build 183)
CPU DLL:         
Dialog DLL:      DCM.DLL V1.13.7.0
Target DLL:      CMSIS_AGDI.dll V1.25.20.0
Dialog DLL:      TCM.DLL V1.14.9.0
 
<h2>Project:</h2>
D:\Google Drive\PROJECT BIKE\newoled\newoled.uvprojx
Project File Date:  02/03/2017

<h2>Output:</h2>
*** Using Compiler 'V5.06 update 2 (build 183)', folder: 'D:\program files\Uvision 5\ARM\ARMCC\Bin'
Rebuild target 'newoled'
compiling equeue_posix.c...
compiling equeue.c...
compiling rtos_idle.c...
compiling Mutex.cpp...
compiling equeue_mbed.cpp...
compiling Semaphore.cpp...
compiling main.cpp...
Adafruit_GFX\Adafruit_GFX_Config.h(14): warning:  #1-D: last line of file ends without a newline
  #endif
Adafruit_GFX\Adafruit_SSD1306.h(220): warning:  #1-D: last line of file ends without a newline
  #endif
main.cpp(50): warning:  #192-D: unrecognized character escape sequence
  	gOled2.printf("%ux%u RPM :\r\ n", gOled2.width(), gOled2.height());
main.cpp(62): warning:  #1-D: last line of file ends without a newline
  }
main.cpp: 4 warnings, 0 errors
compiling RtosTimer.cpp...
compiling mbed-utest-shim.cpp...
compiling Thread.cpp...
compiling lpc17_emac.c...
mbed-os/features/FEATURE_LWIP/lwip-interface/lwip-eth/arch/TARGET_NXP/lpc17_emac.c(405): warning:  #177-D: variable "ethhdr" was declared but never referenced
  	struct eth_hdr *ethhdr;
mbed-os/features/FEATURE_LWIP/lwip-interface/lwip-eth/arch/TARGET_NXP/lpc17_emac.c: 1 warning, 0 errors
compiling lpc_phy_dp83848.c...
compiling lwip_api_lib.c...
compiling lwip_err.c...
compiling lwip_api_msg.c...
compiling lwip_netbuf.c...
compiling lwip_netdb.c...
compiling lwip_netifapi.c...
compiling lwip_sockets.c...
compiling mbed_gpio.c...
compiling lwip_tcpip.c...
compiling mbed_lp_ticker_api.c...
compiling mbed_pinmap_common.c...
compiling mbed_ticker_api.c...
compiling NetworkInterface.cpp...
compiling mbed_us_ticker_api.c...
compiling Socket.cpp...
compiling NetworkStack.cpp...
compiling SocketAddress.cpp...
compiling TCPSocket.cpp...
compiling UDPSocket.cpp...
compiling WiFiAccessPoint.cpp...
compiling TCPServer.cpp...
compiling nsapi_dns.cpp...
compiling AnalogIn.cpp...
compiling BusIn.cpp...
compiling BusOut.cpp...
compiling BusInOut.cpp...
compiling Ethernet.cpp...
compiling FileBase.cpp...
compiling CAN.cpp...
compiling FileLike.cpp...
compiling FilePath.cpp...
compiling FileSystemLike.cpp...
compiling I2C.cpp...
compiling I2CSlave.cpp...
compiling InterruptIn.cpp...
compiling LocalFileSystem.cpp...
compiling InterruptManager.cpp...
compiling RawSerial.cpp...
compiling SPISlave.cpp...
compiling SPI.cpp...
compiling Serial.cpp...
compiling Stream.cpp...
compiling SerialBase.cpp...
compiling Ticker.cpp...
compiling Timeout.cpp...
compiling Timer.cpp...
compiling TimerEvent.cpp...
compiling analogin_api.c...
compiling analogout_api.c...
compiling gpio_api.c...
compiling can_api.c...
compiling ethernet_api.c...
compiling pinmap.c...
compiling gpio_irq_api.c...
compiling i2c_api.c...
compiling port_api.c...
compiling pwmout_api.c...
compiling rtc_api.c...
compiling sleep.c...
compiling spi_api.c...
compiling serial_api.c...
compiling us_ticker.c...
compiling mbed_assert.c...
compiling mbed_board.c...
compiling mbed_critical.c...
compiling mbed_error.c...
compiling mbed_interface.c...
compiling mbed_mem_trace.c...
compiling mbed_wait_api_no_rtos.c...
compiling mbed_stats.c...
compiling mbed_semihost_api.c...
compiling mbed_alloc_wrappers.cpp...
compiling CallChain.cpp...
compiling mbed_rtc_time.cpp...
compiling lwip_autoip.c...
compiling mbed_wait_api_rtos.cpp...
compiling retarget.cpp...
"no source": Warning:  #541-D: allowing all exceptions is incompatible with previous function "operator new(std::size_t)" (declared at line 78 of "D:\program files\Uvision 5\ARM\ARMCC\Bin\..\include\new")
"no source": Warning:  #541-D: allowing all exceptions is incompatible with previous function "operator new[](std::size_t)" (declared at line 97 of "D:\program files\Uvision 5\ARM\ARMCC\Bin\..\include\new")
"no source": Warning:  #541-D: allowing all exceptions is incompatible with previous function "operator delete(void *)" (declared at line 81 of "D:\program files\Uvision 5\ARM\ARMCC\Bin\..\include\new")
"no source": Warning:  #541-D: allowing all exceptions is incompatible with previous function "operator delete[](void *)" (declared at line 100 of "D:\program files\Uvision 5\ARM\ARMCC\Bin\..\include\new")
mbed-os/platform/retarget.cpp: 4 warnings, 0 errors
compiling lwip_icmp.c...
compiling lwip_etharp.c...
compiling lwip_dhcp.c...
compiling lwip_igmp.c...
compiling lwip_ip4.c...
compiling lwip_ip4_addr.c...
compiling lwip_dhcp6.c...
compiling lwip_ip4_frag.c...
compiling lwip_ethip6.c...
compiling lwip_icmp6.c...
compiling lwip_inet6.c...
compiling lwip_ip6.c...
compiling lwip_ip6_addr.c...
compiling lwip_mld6.c...
compiling lwip_ip6_frag.c...
compiling lwip_nd6.c...
compiling lwip_def.c...
compiling lwip_dns.c...
compiling EventQueue.cpp...
compiling lwip_inet_chksum.c...
compiling lwip_ip.c...
compiling lwip_init.c...
compiling lwip_mem.c...
compiling lwip_memp.c...
compiling lwip_netif.c...
compiling lwip_pbuf.c...
compiling lwip_raw.c...
compiling lwip_stats.c...
compiling lwip_sys.c...
compiling lwip_tcp.c...
compiling lwip_tcp_in.c...
compiling lwip_tcp_out.c...
compiling lwip_timeouts.c...
compiling lwip_udp.c...
compiling cmsis_nvic.c...
compiling Adafruit_GFX.cpp...
Adafruit_GFX/Adafruit_GFX_Config.h(14): warning:  #1-D: last line of file ends without a newline
  #endif
Adafruit_GFX/Adafruit_GFX.cpp: 1 warning, 0 errors
compiling lwip_checksum.c...
compiling system_LPC17xx.c...
compiling lwip_memcpy.c...
compiling Adafruit_SSD1306.cpp...
Adafruit_GFX/Adafruit_GFX_Config.h(14): warning:  #1-D: last line of file ends without a newline
  #endif
Adafruit_GFX/Adafruit_SSD1306.h(220): warning:  #1-D: last line of file ends without a newline
  #endif
Adafruit_GFX/Adafruit_SSD1306.cpp: 2 warnings, 0 errors
compiling lwip_sys_arch.c...
compiling aesni.c...
compiling arc4.c...
compiling ssd1306.cpp...
compiling aes.c...
compiling asn1parse.c...
compiling base64.c...
compiling asn1write.c...
compiling blowfish.c...
compiling camellia.c...
compiling certs.c...
compiling ccm.c...
compiling cipher_wrap.c...
compiling cipher.c...
compiling ctr_drbg.c...
compiling debug.c...
compiling des.c...
compiling bignum.c...
compiling dhm.c...
compiling ecdh.c...
compiling ecjpake.c...
compiling ecdsa.c...
compiling entropy.c...
compiling entropy_poll.c...
compiling error.c...
compiling ecp_curves.c...
compiling havege.c...
compiling ecp.c...
compiling hmac_drbg.c...
compiling gcm.c...
compiling md.c...
compiling md4.c...
compiling md2.c...
compiling md5.c...
compiling memory_buffer_alloc.c...
compiling md_wrap.c...
compiling cmac.c...
compiling padlock.c...
compiling pem.c...
compiling oid.c...
compiling pkcs11.c...
compiling pk.c...
compiling pkcs12.c...
compiling pk_wrap.c...
compiling pkcs5.c...
compiling platform.c...
compiling pkwrite.c...
compiling pkparse.c...
compiling ripemd160.c...
compiling sha1.c...
compiling ssl_ciphersuites.c...
compiling ssl_cli.c...
compiling sha256.c...
compiling ssl_cookie.c...
compiling ssl_srv.c...
compiling rsa.c...
compiling ssl_ticket.c...
compiling threading.c...
compiling ssl_tls.c...
compiling timing.c...
compiling version.c...
compiling version_features.c...
compiling x509_create.c...
compiling x509.c...
compiling x509_csr.c...
compiling x509_crl.c...
compiling x509write_crt.c...
compiling x509write_csr.c...
compiling xtea.c...
compiling net_sockets.c...
compiling ssl_cache.c...
compiling mbed_trng.c...
compiling x509_crt.c...
compiling lwip_ethernet.c...
compiling lwip_ethernetif.c...
compiling lwip_lowpan6.c...
compiling HAL_CM.c...
compiling sha512.c...
compiling rt_Event.c...
compiling RTX_Conf_CM.c...
compiling rt_List.c...
compiling rt_Mailbox.c...
compiling rt_MemBox.c...
compiling rt_Memory.c...
compiling rt_OsEventObserver.c...
compiling rt_Mutex.c...
compiling rt_Robin.c...
compiling rt_Semaphore.c...
compiling rt_CMSIS.c...
compiling rt_System.c...
compiling rt_Task.c...
compiling rt_Time.c...
compiling rt_Timer.c...
compiling greentea_serial.cpp...
compiling unity.c...
compiling test_env.cpp...
compiling greentea_metrics.cpp...
mbed-os/features/frameworks/greentea-client/source/greentea_metrics.cpp(37): warning:  #177-D: variable "mutex" was declared but never referenced
  static SingletonPtr<Mutex> mutex;
mbed-os/features/frameworks/greentea-client/source/greentea_metrics.cpp: 1 warning, 0 errors
compiling unity_handler.cpp...
compiling utest_case.cpp...
compiling utest_default_handlers.cpp...
compiling utest_greentea_handlers.cpp...
compiling utest_harness.cpp...
compiling utest_shim.cpp...
compiling utest_types.cpp...
compiling utest_stack_trace.cpp...
assembling SVC_Table.S...
compiling emac_lwip.c...
compiling HAL_CM3.c...
compiling emac_stack_lwip.cpp...
assembling startup_LPC17xx.S...
compiling sys.cpp...
compiling EthernetInterface.cpp...
compiling lwip_stack.c...
mbed-os/features/FEATURE_LWIP/lwip-interface/lwip_stack.c(187): warning:  #111-D: statement is unreachable
      return false;
mbed-os/features/FEATURE_LWIP/lwip-interface/lwip_stack.c(355): warning:  #111-D: statement is unreachable
      return NULL;
mbed-os/features/FEATURE_LWIP/lwip-interface/lwip_stack.c(672): warning:  #188-D: enumerated type mixed with another type
      s->conn = 
etconn_new_with_callback(lwip_proto, mbed_lwip_socket_callback);
mbed-os/features/FEATURE_LWIP/lwip-interface/lwip_stack.c: 3 warnings, 0 errors
linking...
Program Size: Code=41116 RO-data=3484 RW-data=1544 ZI-data=9652  
FromELF: creating hex file...
".\BUILD\newoled.axf" - 0 Error(s), 12 Warning(s).
Build Time Elapsed:  00:00:34
</pre>
</body>
</html>
